 rail_ver01_NoJobHikariSensor_sfun

 Timestamp is 5a265059 (Tue Dec 05 16:52:57 2017)

 Preferred load address is 0000000180000000

 Start         Length     Name                   Class
 0001:00000000 000145d2H .text$mn                CODE
 0001:000145e0 0000007bH .text$x                 CODE
 0002:00000000 00000460H .idata$5                DATA
 0002:00000460 00000008H .CRT$XCA                DATA
 0002:00000468 00000008H .CRT$XCZ                DATA
 0002:00000470 00000008H .CRT$XIA                DATA
 0002:00000478 00000008H .CRT$XIAA               DATA
 0002:00000480 00000008H .CRT$XIC                DATA
 0002:00000488 00000008H .CRT$XIZ                DATA
 0002:00000490 000001a0H .rdata                  DATA
 0002:00000630 00000008H .rtc$IAA                DATA
 0002:00000638 00000008H .rtc$IZZ                DATA
 0002:00000640 00000008H .rtc$TAA                DATA
 0002:00000648 00000008H .rtc$TZZ                DATA
 0002:00000650 00000934H .xdata                  DATA
 0002:00000f90 00000067H .edata                  DATA
 0002:00000ff8 0000008cH .idata$2                DATA
 0002:00001084 00000014H .idata$3                DATA
 0002:00001098 00000460H .idata$4                DATA
 0002:000014f8 00000caeH .idata$6                DATA
 0003:00000000 00003578H .data                   DATA
 0003:00003580 000015f8H .bss                    DATA
 0004:00000000 00000b58H .pdata                  DATA

  Address         Publics by Value              Rva+Base               Lib:Object

 0000:00000000       __guard_fids_table         0000000000000000     <absolute>
 0000:00000000       __guard_fids_count         0000000000000000     <absolute>
 0000:00000000       __guard_flags              0000000000000000     <absolute>
 0000:00000000       ___safe_se_handler_count   0000000000000000     <absolute>
 0000:00000000       ___safe_se_handler_table   0000000000000000     <absolute>
 0000:00000000       __ImageBase                0000000180000000     <linker-defined>
 0001:00000000       rail_ver01_NoJobHikariSensor_initializer 0000000180001000 f   rail_ver01_NoJobHikariSensor_sfun.obj
 0001:00000010       rail_ver01_NoJobHikariSensor_terminator 0000000180001010 f   rail_ver01_NoJobHikariSensor_sfun.obj
 0001:00000020       load_rail_ver01_NoJobHikariSensor_optimization_info 0000000180001020 f   rail_ver01_NoJobHikariSensor_sfun.obj
 0001:000000d0       unload_rail_ver01_NoJobHikariSensor_optimization_info 00000001800010d0 f   rail_ver01_NoJobHikariSensor_sfun.obj
 0001:00000100       sf_rail_ver01_NoJobHikariSensor_method_dispatcher 0000000180001100 f   rail_ver01_NoJobHikariSensor_sfun.obj
 0001:00000170       sf_rail_ver01_NoJobHikariSensor_process_check_sum_call 0000000180001170 f   rail_ver01_NoJobHikariSensor_sfun.obj
 0001:00000680       sf_rail_ver01_NoJobHikariSensor_autoinheritance_info 0000000180001680 f   rail_ver01_NoJobHikariSensor_sfun.obj
 0001:000008c0       sf_rail_ver01_NoJobHikariSensor_get_eml_resolved_functions_info 00000001800018c0 f   rail_ver01_NoJobHikariSensor_sfun.obj
 0001:00000a70       sf_rail_ver01_NoJobHikariSensor_third_party_uses_info 0000000180001a70 f   rail_ver01_NoJobHikariSensor_sfun.obj
 0001:00000c70       sf_rail_ver01_NoJobHikariSensor_jit_fallback_info 0000000180001c70 f   rail_ver01_NoJobHikariSensor_sfun.obj
 0001:00000e70       sf_rail_ver01_NoJobHikariSensor_updateBuildInfo_args_info 0000000180001e70 f   rail_ver01_NoJobHikariSensor_sfun.obj
 0001:00001070       rail_ver01_NoJobHikariSensor_debug_initialize 0000000180002070 f   rail_ver01_NoJobHikariSensor_sfun.obj
 0001:000010f0       rail_ver01_NoJobHikariSensor_register_exported_symbols 00000001800020f0 f   rail_ver01_NoJobHikariSensor_sfun.obj
 0001:00001100       sf_c12_rail_ver01_NoJobHikariSensor_get_eml_resolved_functions_info 0000000180002100 f   c12_rail_ver01_NoJobHikariSensor.obj
 0001:00001180       sf_c12_rail_ver01_NoJobHikariSensor_get_check_sum 0000000180002180 f   c12_rail_ver01_NoJobHikariSensor.obj
 0001:00001250       c12_rail_ver01_NoJobHikariSensor_method_dispatcher 0000000180002250 f   c12_rail_ver01_NoJobHikariSensor.obj
 0001:000045d0       sf_c12_rail_ver01_NoJobHikariSensor_get_post_codegen_info 00000001800055d0 f   c12_rail_ver01_NoJobHikariSensor.obj
 0001:000046a0       sf_c12_rail_ver01_NoJobHikariSensor_get_autoinheritance_info 00000001800056a0 f   c12_rail_ver01_NoJobHikariSensor.obj
 0001:00004ce0       sf_c12_rail_ver01_NoJobHikariSensor_third_party_uses_info 0000000180005ce0 f   c12_rail_ver01_NoJobHikariSensor.obj
 0001:00004d30       sf_c12_rail_ver01_NoJobHikariSensor_jit_fallback_info 0000000180005d30 f   c12_rail_ver01_NoJobHikariSensor.obj
 0001:00004ec0       sf_c12_rail_ver01_NoJobHikariSensor_updateBuildInfo_args_info 0000000180005ec0 f   c12_rail_ver01_NoJobHikariSensor.obj
 0001:00005b60       sf_c21_rail_ver01_NoJobHikariSensor_get_eml_resolved_functions_info 0000000180006b60 f   c21_rail_ver01_NoJobHikariSensor.obj
 0001:00005be0       sf_c21_rail_ver01_NoJobHikariSensor_get_check_sum 0000000180006be0 f   c21_rail_ver01_NoJobHikariSensor.obj
 0001:00005cb0       c21_rail_ver01_NoJobHikariSensor_method_dispatcher 0000000180006cb0 f   c21_rail_ver01_NoJobHikariSensor.obj
 0001:00009030       sf_c21_rail_ver01_NoJobHikariSensor_get_post_codegen_info 000000018000a030 f   c21_rail_ver01_NoJobHikariSensor.obj
 0001:00009100       sf_c21_rail_ver01_NoJobHikariSensor_get_autoinheritance_info 000000018000a100 f   c21_rail_ver01_NoJobHikariSensor.obj
 0001:00009740       sf_c21_rail_ver01_NoJobHikariSensor_third_party_uses_info 000000018000a740 f   c21_rail_ver01_NoJobHikariSensor.obj
 0001:00009790       sf_c21_rail_ver01_NoJobHikariSensor_jit_fallback_info 000000018000a790 f   c21_rail_ver01_NoJobHikariSensor.obj
 0001:00009920       sf_c21_rail_ver01_NoJobHikariSensor_updateBuildInfo_args_info 000000018000a920 f   c21_rail_ver01_NoJobHikariSensor.obj
 0001:0000a5c0       mexFunction                000000018000b5c0 f   rail_ver01_NoJobHikariSensor_sfun_registry.obj
 0001:0000cba0       _ssSetInputPortDirectFeedThroughFcn 000000018000dba0 f   rail_ver01_NoJobHikariSensor_sfun_registry.obj
 0001:0000cd10       _ssGetInputPortSignalPtrsFcn 000000018000dd10 f   rail_ver01_NoJobHikariSensor_sfun_registry.obj
 0001:0000d0a0       _ssGetInputPortSignalFcn   000000018000e0a0 f   rail_ver01_NoJobHikariSensor_sfun_registry.obj
 0001:0000d430       _ssSetInputPortReusableFcn 000000018000e430 f   rail_ver01_NoJobHikariSensor_sfun_registry.obj
 0001:0000d530       _ssSetOutputPortReusableFcn 000000018000e530 f   rail_ver01_NoJobHikariSensor_sfun_registry.obj
 0001:0000d630       _ssSetSymbolicDimsSupport  000000018000e630 f   rail_ver01_NoJobHikariSensor_sfun_registry.obj
 0001:0000d6a0       _ssRegisterSymbolicDimsExpr 000000018000e6a0 f   rail_ver01_NoJobHikariSensor_sfun_registry.obj
 0001:0000d720       _ssRegisterSymbolicDims    000000018000e720 f   rail_ver01_NoJobHikariSensor_sfun_registry.obj
 0001:0000d7c0       _ssRegisterSymbolicDimsString 000000018000e7c0 f   rail_ver01_NoJobHikariSensor_sfun_registry.obj
 0001:0000d840       _ssRegisterSymbolicDimsIntValue 000000018000e840 f   rail_ver01_NoJobHikariSensor_sfun_registry.obj
 0001:0000d8b0       _ssRegisterSymbolicDimsPlus 000000018000e8b0 f   rail_ver01_NoJobHikariSensor_sfun_registry.obj
 0001:0000d930       _ssRegisterSymbolicDimsMinus 000000018000e930 f   rail_ver01_NoJobHikariSensor_sfun_registry.obj
 0001:0000d9b0       _ssRegisterSymbolicDimsMultiply 000000018000e9b0 f   rail_ver01_NoJobHikariSensor_sfun_registry.obj
 0001:0000da30       _ssRegisterSymbolicDimsDivide 000000018000ea30 f   rail_ver01_NoJobHikariSensor_sfun_registry.obj
 0001:0000dab0       _ssGetNumSymbolicDims      000000018000eab0 f   rail_ver01_NoJobHikariSensor_sfun_registry.obj
 0001:0000db20       _ssGetSymbolicDim          000000018000eb20 f   rail_ver01_NoJobHikariSensor_sfun_registry.obj
 0001:0000dba0       _ssSetInputPortSymbolicDimsId 000000018000eba0 f   rail_ver01_NoJobHikariSensor_sfun_registry.obj
 0001:0000dc10       _ssGetCompInputPortSymbolicDimsId 000000018000ec10 f   rail_ver01_NoJobHikariSensor_sfun_registry.obj
 0001:0000dc80       _ssSetCompInputPortSymbolicDimsId 000000018000ec80 f   rail_ver01_NoJobHikariSensor_sfun_registry.obj
 0001:0000dcf0       _ssSetOutputPortSymbolicDimsId 000000018000ecf0 f   rail_ver01_NoJobHikariSensor_sfun_registry.obj
 0001:0000dd60       _ssGetCompOutputPortSymbolicDimsId 000000018000ed60 f   rail_ver01_NoJobHikariSensor_sfun_registry.obj
 0001:0000ddd0       _ssSetCompOutputPortSymbolicDimsId 000000018000edd0 f   rail_ver01_NoJobHikariSensor_sfun_registry.obj
 0001:0000de40       _ssSetCompDWorkSymbolicDimsId 000000018000ee40 f   rail_ver01_NoJobHikariSensor_sfun_registry.obj
 0001:0000deb0       ssGetIsZeroCrossControlDisabled 000000018000eeb0 f   rail_ver01_NoJobHikariSensor_sfun_registry.obj
 0001:0000df20       ssSetIsInputPortUsedForContZcSignal 000000018000ef20 f   rail_ver01_NoJobHikariSensor_sfun_registry.obj
 0001:0000df90       ssSetZcSignalIsZcElementDisc 000000018000ef90 f   rail_ver01_NoJobHikariSensor_sfun_registry.obj
 0001:0000e040       ssSetZcSignalName          000000018000f040 f   rail_ver01_NoJobHikariSensor_sfun_registry.obj
 0001:0000e0b0       ssSetZcSignalWidth         000000018000f0b0 f   rail_ver01_NoJobHikariSensor_sfun_registry.obj
 0001:0000e120       ssSetZcSignalZcEventType   000000018000f120 f   rail_ver01_NoJobHikariSensor_sfun_registry.obj
 0001:0000e190       ssSetZcSignalType          000000018000f190 f   rail_ver01_NoJobHikariSensor_sfun_registry.obj
 0001:0000e200       ssSetZcSignalZcTol         000000018000f200 f   rail_ver01_NoJobHikariSensor_sfun_registry.obj
 0001:0000e270       ssSetZcSignalNeedsEventNotification 000000018000f270 f   rail_ver01_NoJobHikariSensor_sfun_registry.obj
 0001:0000e2e0       ssCreateAndAddZcSignalInfo 000000018000f2e0 f   rail_ver01_NoJobHikariSensor_sfun_registry.obj
 0001:0000e350       ssCloneAndAddZcSignalInfo  000000018000f350 f   rail_ver01_NoJobHikariSensor_sfun_registry.obj
 0001:0000e3c0       ssGetNumZcSignals          000000018000f3c0 f   rail_ver01_NoJobHikariSensor_sfun_registry.obj
 0001:0000e430       ssGetZcSignalVector        000000018000f430 f   rail_ver01_NoJobHikariSensor_sfun_registry.obj
 0001:0000e4a0       ssGetZcSignalName          000000018000f4a0 f   rail_ver01_NoJobHikariSensor_sfun_registry.obj
 0001:0000e510       ssGetZcSignalWidth         000000018000f510 f   rail_ver01_NoJobHikariSensor_sfun_registry.obj
 0001:0000e580       ssGetZcSignalZcEventType   000000018000f580 f   rail_ver01_NoJobHikariSensor_sfun_registry.obj
 0001:0000e5f0       ssGetZcSignalZcEvents      000000018000f5f0 f   rail_ver01_NoJobHikariSensor_sfun_registry.obj
 0001:0000e660       ssGetZcSignalType          000000018000f660 f   rail_ver01_NoJobHikariSensor_sfun_registry.obj
 0001:0000e6d0       ssGetZcSignalZcTol         000000018000f6d0 f   rail_ver01_NoJobHikariSensor_sfun_registry.obj
 0001:0000e750       ssGetZcSignalNeedsEventNotification 000000018000f750 f   rail_ver01_NoJobHikariSensor_sfun_registry.obj
 0001:0000e7c0       ssGetZcSignalIsZcElementDisc 000000018000f7c0 f   rail_ver01_NoJobHikariSensor_sfun_registry.obj
 0001:0000e860       ssGetIsInputPortElementContinuous 000000018000f860 f   rail_ver01_NoJobHikariSensor_sfun_registry.obj
 0001:0000e900       _ssSetIWorkValueFcn        000000018000f900 f   rail_ver01_NoJobHikariSensor_sfun_registry.obj
 0001:0000e980       _ssGetIWorkValueFcn        000000018000f980 f   rail_ver01_NoJobHikariSensor_sfun_registry.obj
 0001:0000e9f0       _ssSetRWorkValueFcn        000000018000f9f0 f   rail_ver01_NoJobHikariSensor_sfun_registry.obj
 0001:0000ea70       _ssGetRWorkValueFcn        000000018000fa70 f   rail_ver01_NoJobHikariSensor_sfun_registry.obj
 0001:0000eae0       _ssSetPWorkValueFcn        000000018000fae0 f   rail_ver01_NoJobHikariSensor_sfun_registry.obj
 0001:0000eb60       _ssGetPWorkValueFcn        000000018000fb60 f   rail_ver01_NoJobHikariSensor_sfun_registry.obj
 0001:0000ebd0       ssGetDTypeIdFromMxArray    000000018000fbd0 f   rail_ver01_NoJobHikariSensor_sfun_registry.obj
 0001:0000ecf0       ssWriteRTWStr              000000018000fcf0 f   rail_ver01_NoJobHikariSensor_sfun_registry.obj
 0001:0000ed50       ssWriteRTWNameValuePair    000000018000fd50 f   rail_ver01_NoJobHikariSensor_sfun_registry.obj
 0001:0000f250       ssWriteRTWParamSettings    0000000180010250 f   rail_ver01_NoJobHikariSensor_sfun_registry.obj
 0001:0000f940       ssWriteRTWParameters       0000000180010940 f   rail_ver01_NoJobHikariSensor_sfun_registry.obj
 0001:0000ff10       ssWriteRTWWorkVect         0000000180010f10 f   rail_ver01_NoJobHikariSensor_sfun_registry.obj
 0001:00010470       ssWriteRTWMxVectParam      0000000180011470 f   rail_ver01_NoJobHikariSensor_sfun_registry.obj
 0001:000104f0       ssWriteRTWMx2dMatParam     00000001800114f0 f   rail_ver01_NoJobHikariSensor_sfun_registry.obj
 0001:00010580       _ssSetInputPortMatrixDimensions 0000000180011580 f   rail_ver01_NoJobHikariSensor_sfun_registry.obj
 0001:000106a0       _ssSetOutputPortMatrixDimensions 00000001800116a0 f   rail_ver01_NoJobHikariSensor_sfun_registry.obj
 0001:000107c0       _ssSetInputPortVectorDimension 00000001800117c0 f   rail_ver01_NoJobHikariSensor_sfun_registry.obj
 0001:00010870       _ssSetOutputPortVectorDimension 0000000180011870 f   rail_ver01_NoJobHikariSensor_sfun_registry.obj
 0001:00010920       ssIsRunTimeParamTunable    0000000180011920 f   rail_ver01_NoJobHikariSensor_sfun_registry.obj
 0001:00010990       ssGetSFuncBlockHandle      0000000180011990 f   rail_ver01_NoJobHikariSensor_sfun_registry.obj
 0001:00010a00       _ssGetCurrentInputPortWidth 0000000180011a00 f   rail_ver01_NoJobHikariSensor_sfun_registry.obj
 0001:00010b20       _ssGetCurrentOutputPortWidth 0000000180011b20 f   rail_ver01_NoJobHikariSensor_sfun_registry.obj
 0001:00010c40       _ssGetCallSystemNumFcnCallDestinations 0000000180011c40 f   rail_ver01_NoJobHikariSensor_sfun_registry.obj
 0001:00010cb0       ssGetParameterTuningCompliance 0000000180011cb0 f   rail_ver01_NoJobHikariSensor_sfun_registry.obj
 0001:00010d20       ssWarning                  0000000180011d20 f   rail_ver01_NoJobHikariSensor_sfun_registry.obj
 0001:00010e10       _ssGetAbsTol               0000000180011e10 f   rail_ver01_NoJobHikariSensor_sfun_registry.obj
 0001:00010e80       _ssSetStateAbsTol          0000000180011e80 f   rail_ver01_NoJobHikariSensor_sfun_registry.obj
 0001:00010f60       sf_process_check_sum_call  0000000180011f60 f   rail_ver01_NoJobHikariSensor_sfun_registry.obj
 0001:00010fb0       sf_process_autoinheritance_call 0000000180011fb0 f   rail_ver01_NoJobHikariSensor_sfun_registry.obj
 0001:000111e0       sf_process_get_third_party_uses_info_call 00000001800121e0 f   rail_ver01_NoJobHikariSensor_sfun_registry.obj
 0001:00011410       sf_process_get_jit_fallback_info_call 0000000180012410 f   rail_ver01_NoJobHikariSensor_sfun_registry.obj
 0001:00011640       sf_process_get_updateBuildInfo_args_info_call 0000000180012640 f   rail_ver01_NoJobHikariSensor_sfun_registry.obj
 0001:00011870       sf_process_get_eml_resolved_functions_info_call 0000000180012870 f   rail_ver01_NoJobHikariSensor_sfun_registry.obj
 0001:00011a70       sf_mex_unlock_call         0000000180012a70 f   rail_ver01_NoJobHikariSensor_sfun_registry.obj
 0001:00011d10       sf_machine_global_initializer_called 0000000180012d10 f   rail_ver01_NoJobHikariSensor_sfun_registry.obj
 0001:00011d40       sf_machine_global_method_dispatcher 0000000180012d40 f   rail_ver01_NoJobHikariSensor_sfun_registry.obj
 0001:00011da0       sf_machine_global_terminator 0000000180012da0 f   rail_ver01_NoJobHikariSensor_sfun_registry.obj
 0001:00011df0       sf_register_machine_exported_symbols 0000000180012df0 f   rail_ver01_NoJobHikariSensor_sfun_registry.obj
 0001:00011e10       callCustomFcn              0000000180012e10 f   rail_ver01_NoJobHikariSensor_sfun_registry.obj
 0001:00011e20       sf_machine_global_initializer 0000000180012e20 f   rail_ver01_NoJobHikariSensor_sfun_registry.obj
 0001:00011ea0       mdlGetSimState             0000000180012ea0 f   rail_ver01_NoJobHikariSensor_sfun_registry.obj
 0001:00011ee0       mdlSetSimState             0000000180012ee0 f   rail_ver01_NoJobHikariSensor_sfun_registry.obj
 0001:00012750       ProcessMexSfunctionEveryCall 0000000180013750 f   rail_ver01_NoJobHikariSensor_sfun_registry.obj
 0001:000137bc       rgb2hsv_tbb_uint8          00000001800147bc f   libmwrgb2hsv_tbb:libmwrgb2hsv_tbb.dll
 0001:000137c2       sf_load_rtw_optimization_info 00000001800147c2 f   sf_runtime:sf_runtime.dll
 0001:000137c8       sf_debug_initialize_machine 00000001800147c8 f   sf_runtime:sf_runtime.dll
 0001:000137ce       sf_debug_set_machine_event_thresholds 00000001800147ce f   sf_runtime:sf_runtime.dll
 0001:000137d4       sf_debug_set_machine_data_thresholds 00000001800147d4 f   sf_runtime:sf_runtime.dll
 0001:000137da       sf_init_ChartRunTimeInfo   00000001800147da f   sf_runtime:sf_runtime.dll
 0001:000137e0       sf_free_ChartRunTimeInfo   00000001800147e0 f   sf_runtime:sf_runtime.dll
 0001:000137e6       sfrtGetEmlrtCtx            00000001800147e6 f   sf_runtime:sf_runtime.dll
 0001:000137ec       sf_get_chart_instance_ptr  00000001800147ec f   sf_runtime:sf_runtime.dll
 0001:000137f2       sf_rtw_info_uint_prop      00000001800147f2 f   sf_runtime:sf_runtime.dll
 0001:000137f8       sf_update_buildInfo        00000001800147f8 f   sf_runtime:sf_runtime.dll
 0001:000137fe       sf_is_chart_inlinable      00000001800147fe f   sf_runtime:sf_runtime.dll
 0001:00013804       sf_mark_chart_reusable_outputs 0000000180014804 f   sf_runtime:sf_runtime.dll
 0001:0001380a       sf_mark_chart_expressionable_inputs 000000018001480a f   sf_runtime:sf_runtime.dll
 0001:00013810       sim_mode_is_rtw_gen        0000000180014810 f   sf_runtime:sf_runtime.dll
 0001:00013816       sim_mode_is_external       0000000180014816 f   sf_runtime:sf_runtime.dll
 0001:0001381c       sim_mode_is_modelref_sim   000000018001481c f   sf_runtime:sf_runtime.dll
 0001:00013822       sf_clear_rtw_identifier    0000000180014822 f   sf_runtime:sf_runtime.dll
 0001:00013828       sf_set_rtw_dwork_info      0000000180014828 f   sf_runtime:sf_runtime.dll
 0001:0001382e       sf_get_time                000000018001482e f   sf_runtime:sf_runtime.dll
 0001:00013834       sf_is_first_init_cond      0000000180014834 f   sf_runtime:sf_runtime.dll
 0001:0001383a       sf_set_chart_accesses_machine_info 000000018001483a f   sf_runtime:sf_runtime.dll
 0001:00013840       sf_register_codegen_names_for_scoped_functions_defined_by_chart 0000000180014840 f   sf_runtime:sf_runtime.dll
 0001:00013846       sf_mex_error_message       0000000180014846 f   sf_runtime:sf_runtime.dll
 0001:0001384c       sf_mex_create              000000018001484c f   sf_runtime:sf_runtime.dll
 0001:00013852       sf_mex_createcellmatrix    0000000180014852 f   sf_runtime:sf_runtime.dll
 0001:00013858       sf_mex_setcell             0000000180014858 f   sf_runtime:sf_runtime.dll
 0001:0001385e       sf_mex_getcell             000000018001485e f   sf_runtime:sf_runtime.dll
 0001:00013864       sf_mex_assign              0000000180014864 f   sf_runtime:sf_runtime.dll
 0001:0001386a       sf_mex_dup                 000000018001486a f   sf_runtime:sf_runtime.dll
 0001:00013870       sf_mex_destroy             0000000180014870 f   sf_runtime:sf_runtime.dll
 0001:00013876       sf_mex_import              0000000180014876 f   sf_runtime:sf_runtime.dll
 0001:0001387c       sf_mex_decode_encoded_mx_struct_array 000000018001487c f   sf_runtime:sf_runtime.dll
 0001:00013882       ssGetInputPortSignal_wrapper 0000000180014882 f   sf_runtime:sf_runtime.dll
 0001:00013888       ssGetOutputPortSignal_wrapper 0000000180014888 f   sf_runtime:sf_runtime.dll
 0001:0001388e       sf_debug_initialize_chart  000000018001488e f   sf_runtime:sf_runtime.dll
 0001:00013894       sf_debug_call              0000000180014894 f   sf_runtime:sf_runtime.dll
 0001:0001389a       eml_debug_line_call        000000018001489a f   sf_runtime:sf_runtime.dll
 0001:000138a0       cv_eml_eval                00000001800148a0 f   sf_runtime:sf_runtime.dll
 0001:000138a6       cv_eml_init_script         00000001800148a6 f   sf_runtime:sf_runtime.dll
 0001:000138ac       cv_eml_init_fcn            00000001800148ac f   sf_runtime:sf_runtime.dll
 0001:000138b2       sf_debug_reset_current_state_configuration 00000001800148b2 f   sf_runtime:sf_runtime.dll
 0001:000138b8       sf_debug_check_for_state_inconsistency 00000001800148b8 f   sf_runtime:sf_runtime.dll
 0001:000138be       sf_debug_set_chart_data_props 00000001800148be f   sf_runtime:sf_runtime.dll
 0001:000138c4       sf_debug_set_chart_data_compiled_props 00000001800148c4 f   sf_runtime:sf_runtime.dll
 0001:000138ca       sf_debug_symbol_scope_push 00000001800148ca f   sf_runtime:sf_runtime.dll
 0001:000138d0       sf_debug_symbol_scope_push_eml 00000001800148d0 f   sf_runtime:sf_runtime.dll
 0001:000138d6       sf_debug_symbol_scope_pop  00000001800148d6 f   sf_runtime:sf_runtime.dll
 0001:000138dc       sf_debug_symbol_scope_add_eml 00000001800148dc f   sf_runtime:sf_runtime.dll
 0001:000138e2       sf_debug_symbol_scope_add_eml_importable 00000001800148e2 f   sf_runtime:sf_runtime.dll
 0001:000138e8       sf_debug_set_instance_data_value_ptr 00000001800148e8 f   sf_runtime:sf_runtime.dll
 0001:000138ee       sf_debug_set_chart_disable_implicit_casting 00000001800148ee f   sf_runtime:sf_runtime.dll
 0001:000138f4       sf_debug_set_chart_event_thresholds 00000001800148f4 f   sf_runtime:sf_runtime.dll
 0001:000138fa       sf_debug_set_chart_state_info 00000001800148fa f   sf_runtime:sf_runtime.dll
 0001:00013900       sf_debug_set_chart_decomposition 0000000180014900 f   sf_runtime:sf_runtime.dll
 0001:00013906       sf_debug_set_chart_substate_count 0000000180014906 f   sf_runtime:sf_runtime.dll
 0001:0001390c       sf_debug_data_range_wrapper 000000018001490c f   sf_runtime:sf_runtime.dll
 0001:00013912       sf_debug_cv_init_trans     0000000180014912 f   sf_runtime:sf_runtime.dll
 0001:00013918       sf_debug_cv_init_chart     0000000180014918 f   sf_runtime:sf_runtime.dll
 0001:0001391e       sf_debug_cv_init_state     000000018001491e f   sf_runtime:sf_runtime.dll
 0001:00013924       sf_get_ChartInfoStruct_CodeGen 0000000180014924 f   sf_runtime:sf_runtime.dll
 0001:0001392a       sf_get_hasSeparateUpdateOutputs 000000018001492a f   sf_runtime:sf_runtime.dll
 0001:00013930       callMdlMethodAndReportError 0000000180014930 f   sf_runtime:sf_runtime.dll
 0001:00013936       call_sf_machine_global_method_dispatcher 0000000180014936 f   sf_runtime:sf_runtime.dll
 0001:0001393c       getRuntimeInstanceInfoAsVoid 000000018001493c f   sf_runtime:sf_runtime.dll
 0001:00013942       sf_mex_error_direct_call   0000000180014942 f   sf_runtime:sf_runtime.dll
 0001:00013948       sf_clear_error_manager_info 0000000180014948 f   sf_runtime:sf_runtime.dll
 0001:0001394e       sf_debug_create_debug_instance_struct 000000018001494e f   sf_runtime:sf_runtime.dll
 0001:00013954       sf_debug_terminate         0000000180014954 f   sf_runtime:sf_runtime.dll
 0001:0001395a       sf_debug_api               000000018001495a f   sf_runtime:sf_runtime.dll
 0001:00013960       mxIsChar                   0000000180014960 f   libmx:libmx.dll
 0001:00013966       mxGetPr                    0000000180014966 f   libmx:libmx.dll
 0001:0001396c       mxGetScalar                000000018001496c f   libmx:libmx.dll
 0001:00013972       mxDestroyArray             0000000180014972 f   libmx:libmx.dll
 0001:00013978       mxCreateDoubleMatrix_730   0000000180014978 f   libmx:libmx.dll
 0001:0001397e       mxGetString_730            000000018001497e f   libmx:libmx.dll
 0001:00013984       mxDuplicateArray           0000000180014984 f   libmx:libmx.dll
 0001:0001398a       mxSetCell_730              000000018001498a f   libmx:libmx.dll
 0001:00013990       mxSetField_730             0000000180014990 f   libmx:libmx.dll
 0001:00013996       mxCreateDoubleScalar       0000000180014996 f   libmx:libmx.dll
 0001:0001399c       mxCreateString             000000018001499c f   libmx:libmx.dll
 0001:000139a2       mxCreateCellMatrix_730     00000001800149a2 f   libmx:libmx.dll
 0001:000139a8       mxCreateCellArray_730      00000001800149a8 f   libmx:libmx.dll
 0001:000139ae       mxCreateStructMatrix_730   00000001800149ae f   libmx:libmx.dll
 0001:000139b4       mxCreateStructArray_730    00000001800149b4 f   libmx:libmx.dll
 0001:000139ba       mxCalloc                   00000001800149ba f   libmx:libmx.dll
 0001:000139c0       mxGetM                     00000001800149c0 f   libmx:libmx.dll
 0001:000139c6       mxGetClassID               00000001800149c6 f   libmx:libmx.dll
 0001:000139cc       mxIsNumeric                00000001800149cc f   libmx:libmx.dll
 0001:000139d2       mxIsComplex                00000001800149d2 f   libmx:libmx.dll
 0001:000139d8       mxGetN                     00000001800149d8 f   libmx:libmx.dll
 0001:000139de       mexMakeArrayPersistent     00000001800149de f   libmex:libmex.dll
 0001:000139e4       mexErrMsgTxt               00000001800149e4 f   libmex:libmex.dll
 0001:000139ea       mexWarnMsgTxt              00000001800149ea f   libmex:libmex.dll
 0001:000139f0       mexCallMATLABWithObject    00000001800149f0 f   libmex:libmex.dll
 0001:000139f6       mexLock                    00000001800149f6 f   libmex:libmex.dll
 0001:000139fc       mexUnlock                  00000001800149fc f   libmex:libmex.dll
 0001:00013a02       mexIsLocked                0000000180014a02 f   libmex:libmex.dll
 0001:00013a08       utMalloc                   0000000180014a08 f   libut:libut.dll
 0001:00013a0e       utFree                     0000000180014a0e f   libut:libut.dll
 0001:00013a14       __raise_securityfailure    0000000180014a14 f   MSVCRT:gs_report.obj
 0001:00013a60       __report_gsfailure         0000000180014a60 f   MSVCRT:gs_report.obj
 0001:00013b34       __report_rangecheckfailure 0000000180014b34 f   MSVCRT:gs_report.obj
 0001:00013b48       __report_securityfailure   0000000180014b48 f   MSVCRT:gs_report.obj
 0001:00013be4       __report_securityfailureEx 0000000180014be4 f   MSVCRT:gs_report.obj
 0001:00013cf2       strcmp                     0000000180014cf2 f   MSVCRT:MSVCR120.dll
 0001:00013cf8       __GSHandlerCheck           0000000180014cf8 f   MSVCRT:gshandler.obj
 0001:00013d18       __GSHandlerCheckCommon     0000000180014d18 f   MSVCRT:gshandler.obj
 0001:00013d90       __security_check_cookie    0000000180014d90 f   MSVCRT:amdsecgs.obj
 0001:00013db0       memset                     0000000180014db0 f   MSVCRT:MSVCR120.dll
 0001:00013db6       free                       0000000180014db6 f   MSVCRT:MSVCR120.dll
 0001:00013dbc       malloc                     0000000180014dbc f   MSVCRT:MSVCR120.dll
 0001:00013dc2       sprintf                    0000000180014dc2 f   MSVCRT:MSVCR120.dll
 0001:00013dc8       memcpy                     0000000180014dc8 f   MSVCRT:MSVCR120.dll
 0001:00013dce       strlen                     0000000180014dce f   MSVCRT:MSVCR120.dll
 0001:00013e34       NtCurrentTeb               0000000180014e34 f i MSVCRT:crtdll.obj
 0001:00013e40       _CRT_INIT                  0000000180014e40 f   MSVCRT:crtdll.obj
 0001:0001408c       _DllMainCRTStartup         000000018001508c f   MSVCRT:crtdll.obj
 0001:00014202       __crt_debugger_hook        0000000180015202 f   MSVCRT:MSVCR120.dll
 0001:00014208       __crtUnhandledException    0000000180015208 f   MSVCRT:MSVCR120.dll
 0001:0001420e       __crtTerminateProcess      000000018001520e f   MSVCRT:MSVCR120.dll
 0001:00014214       __crtCaptureCurrentContext 0000000180015214 f   MSVCRT:MSVCR120.dll
 0001:0001421a       __crtCapturePreviousContext 000000018001521a f   MSVCRT:MSVCR120.dll
 0001:00014220       __CppXcptFilter            0000000180015220 f   MSVCRT:MSVCR120.dll
 0001:00014226       _amsg_exit                 0000000180015226 f   MSVCRT:MSVCR120.dll
 0001:00014230       _FindPESection             0000000180015230 f   MSVCRT:pesect.obj
 0001:00014280       _IsNonwritableInCurrentImage 0000000180015280 f   MSVCRT:pesect.obj
 0001:000142d0       _ValidateImageBase         00000001800152d0 f   MSVCRT:pesect.obj
 0001:00014300       __atonexitinit             0000000180015300 f   MSVCRT:atonexit.obj
 0001:00014350       _onexit                    0000000180015350 f   MSVCRT:atonexit.obj
 0001:00014400       atexit                     0000000180015400 f   MSVCRT:atonexit.obj
 0001:00014418       __security_init_cookie     0000000180015418 f   MSVCRT:gs_support.obj
 0001:000144c4       DllMain                    00000001800154c4 f   MSVCRT:dllmain.obj
 0001:000144e8       _malloc_crt                00000001800154e8 f   MSVCRT:MSVCR120.dll
 0001:000144f0       _RTC_Initialize            00000001800154f0 f   MSVCRT:initsect.obj
 0001:00014528       _RTC_Terminate             0000000180015528 f   MSVCRT:initsect.obj
 0001:00014560       _initterm                  0000000180015560 f   MSVCRT:MSVCR120.dll
 0001:00014566       _initterm_e                0000000180015566 f   MSVCRT:MSVCR120.dll
 0001:0001456c       __clean_type_info_names    000000018001556c f   MSVCRT:tncleanup.obj
 0001:00014578       __C_specific_handler       0000000180015578 f   MSVCRT:MSVCR120.dll
 0001:0001457e       _lock                      000000018001557e f   MSVCRT:MSVCR120.dll
 0001:00014584       _unlock                    0000000180015584 f   MSVCRT:MSVCR120.dll
 0001:0001458a       _calloc_crt                000000018001558a f   MSVCRT:MSVCR120.dll
 0001:00014590       __dllonexit                0000000180015590 f   MSVCRT:MSVCR120.dll
 0001:00014596       __clean_type_info_names_internal 0000000180015596 f   MSVCRT:MSVCR120.dll
 0001:0001459c       IsDebuggerPresent          000000018001559c f   kernel32:KERNEL32.dll
 0001:000145a2       IsProcessorFeaturePresent  00000001800155a2 f   kernel32:KERNEL32.dll
 0001:000145a8       EncodePointer              00000001800155a8 f   kernel32:KERNEL32.dll
 0001:000145ae       DecodePointer              00000001800155ae f   kernel32:KERNEL32.dll
 0001:000145b4       QueryPerformanceCounter    00000001800155b4 f   kernel32:KERNEL32.dll
 0001:000145ba       GetCurrentProcessId        00000001800155ba f   kernel32:KERNEL32.dll
 0001:000145c0       GetCurrentThreadId         00000001800155c0 f   kernel32:KERNEL32.dll
 0001:000145c6       GetSystemTimeAsFileTime    00000001800155c6 f   kernel32:KERNEL32.dll
 0001:000145cc       DisableThreadLibraryCalls  00000001800155cc f   kernel32:KERNEL32.dll
 0002:00000000       __imp_IsProcessorFeaturePresent 0000000180016000     kernel32:KERNEL32.dll
 0002:00000008       __imp_DisableThreadLibraryCalls 0000000180016008     kernel32:KERNEL32.dll
 0002:00000010       __imp_GetSystemTimeAsFileTime 0000000180016010     kernel32:KERNEL32.dll
 0002:00000018       __imp_GetCurrentThreadId   0000000180016018     kernel32:KERNEL32.dll
 0002:00000020       __imp_GetCurrentProcessId  0000000180016020     kernel32:KERNEL32.dll
 0002:00000028       __imp_QueryPerformanceCounter 0000000180016028     kernel32:KERNEL32.dll
 0002:00000030       __imp_DecodePointer        0000000180016030     kernel32:KERNEL32.dll
 0002:00000038       __imp_EncodePointer        0000000180016038     kernel32:KERNEL32.dll
 0002:00000040       __imp_IsDebuggerPresent    0000000180016040     kernel32:KERNEL32.dll
 0002:00000048       \177KERNEL32_NULL_THUNK_DATA 0000000180016048     kernel32:KERNEL32.dll
 0002:00000050       __imp_strcmp               0000000180016050     MSVCRT:MSVCR120.dll
 0002:00000058       __imp___clean_type_info_names_internal 0000000180016058     MSVCRT:MSVCR120.dll
 0002:00000060       __imp__onexit              0000000180016060     MSVCRT:MSVCR120.dll
 0002:00000068       __imp___dllonexit          0000000180016068     MSVCRT:MSVCR120.dll
 0002:00000070       __imp__calloc_crt          0000000180016070     MSVCRT:MSVCR120.dll
 0002:00000078       __imp__unlock              0000000180016078     MSVCRT:MSVCR120.dll
 0002:00000080       __imp__lock                0000000180016080     MSVCRT:MSVCR120.dll
 0002:00000088       __imp___C_specific_handler 0000000180016088     MSVCRT:MSVCR120.dll
 0002:00000090       __imp__initterm_e          0000000180016090     MSVCRT:MSVCR120.dll
 0002:00000098       __imp__initterm            0000000180016098     MSVCRT:MSVCR120.dll
 0002:000000a0       __imp__malloc_crt          00000001800160a0     MSVCRT:MSVCR120.dll
 0002:000000a8       __imp__amsg_exit           00000001800160a8     MSVCRT:MSVCR120.dll
 0002:000000b0       __imp___CppXcptFilter      00000001800160b0     MSVCRT:MSVCR120.dll
 0002:000000b8       __imp___crtCapturePreviousContext 00000001800160b8     MSVCRT:MSVCR120.dll
 0002:000000c0       __imp___crtCaptureCurrentContext 00000001800160c0     MSVCRT:MSVCR120.dll
 0002:000000c8       __imp___crtTerminateProcess 00000001800160c8     MSVCRT:MSVCR120.dll
 0002:000000d0       __imp___crtUnhandledException 00000001800160d0     MSVCRT:MSVCR120.dll
 0002:000000d8       __imp___crt_debugger_hook  00000001800160d8     MSVCRT:MSVCR120.dll
 0002:000000e0       __imp_strlen               00000001800160e0     MSVCRT:MSVCR120.dll
 0002:000000e8       __imp_memcpy               00000001800160e8     MSVCRT:MSVCR120.dll
 0002:000000f0       __imp_sprintf              00000001800160f0     MSVCRT:MSVCR120.dll
 0002:000000f8       __imp_malloc               00000001800160f8     MSVCRT:MSVCR120.dll
 0002:00000100       __imp_free                 0000000180016100     MSVCRT:MSVCR120.dll
 0002:00000108       __imp_memset               0000000180016108     MSVCRT:MSVCR120.dll
 0002:00000110       \177MSVCR120_NULL_THUNK_DATA 0000000180016110     MSVCRT:MSVCR120.dll
 0002:00000118       __imp_mexLock              0000000180016118     libmex:libmex.dll
 0002:00000120       __imp_mexIsLocked          0000000180016120     libmex:libmex.dll
 0002:00000128       __imp_mexUnlock            0000000180016128     libmex:libmex.dll
 0002:00000130       __imp_mexMakeArrayPersistent 0000000180016130     libmex:libmex.dll
 0002:00000138       __imp_mexCallMATLABWithObject 0000000180016138     libmex:libmex.dll
 0002:00000140       __imp_mexWarnMsgTxt        0000000180016140     libmex:libmex.dll
 0002:00000148       __imp_mexErrMsgTxt         0000000180016148     libmex:libmex.dll
 0002:00000150       \177libmex_NULL_THUNK_DATA 0000000180016150     libmex:libmex.dll
 0002:00000158       __imp_rgb2hsv_tbb_uint8    0000000180016158     libmwrgb2hsv_tbb:libmwrgb2hsv_tbb.dll
 0002:00000160       \177libmwrgb2hsv_tbb_NULL_THUNK_DATA 0000000180016160     libmwrgb2hsv_tbb:libmwrgb2hsv_tbb.dll
 0002:00000168       __imp_mxGetN               0000000180016168     libmx:libmx.dll
 0002:00000170       __imp_mxIsComplex          0000000180016170     libmx:libmx.dll
 0002:00000178       __imp_mxIsNumeric          0000000180016178     libmx:libmx.dll
 0002:00000180       __imp_mxGetClassID         0000000180016180     libmx:libmx.dll
 0002:00000188       __imp_mxGetM               0000000180016188     libmx:libmx.dll
 0002:00000190       __imp_mxCalloc             0000000180016190     libmx:libmx.dll
 0002:00000198       __imp_mxCreateStructArray_730 0000000180016198     libmx:libmx.dll
 0002:000001a0       __imp_mxCreateStructMatrix_730 00000001800161a0     libmx:libmx.dll
 0002:000001a8       __imp_mxCreateCellArray_730 00000001800161a8     libmx:libmx.dll
 0002:000001b0       __imp_mxCreateCellMatrix_730 00000001800161b0     libmx:libmx.dll
 0002:000001b8       __imp_mxCreateString       00000001800161b8     libmx:libmx.dll
 0002:000001c0       __imp_mxCreateDoubleScalar 00000001800161c0     libmx:libmx.dll
 0002:000001c8       __imp_mxSetField_730       00000001800161c8     libmx:libmx.dll
 0002:000001d0       __imp_mxSetCell_730        00000001800161d0     libmx:libmx.dll
 0002:000001d8       __imp_mxDuplicateArray     00000001800161d8     libmx:libmx.dll
 0002:000001e0       __imp_mxGetString_730      00000001800161e0     libmx:libmx.dll
 0002:000001e8       __imp_mxCreateDoubleMatrix_730 00000001800161e8     libmx:libmx.dll
 0002:000001f0       __imp_mxDestroyArray       00000001800161f0     libmx:libmx.dll
 0002:000001f8       __imp_mxGetScalar          00000001800161f8     libmx:libmx.dll
 0002:00000200       __imp_mxGetPr              0000000180016200     libmx:libmx.dll
 0002:00000208       __imp_mxIsChar             0000000180016208     libmx:libmx.dll
 0002:00000210       \177libmx_NULL_THUNK_DATA  0000000180016210     libmx:libmx.dll
 0002:00000218       __imp_utMalloc             0000000180016218     libut:libut.dll
 0002:00000220       __imp_utFree               0000000180016220     libut:libut.dll
 0002:00000228       \177libut_NULL_THUNK_DATA  0000000180016228     libut:libut.dll
 0002:00000230       __imp_sf_debug_set_chart_data_props 0000000180016230     sf_runtime:sf_runtime.dll
 0002:00000238       __imp_sf_mex_error_direct_call 0000000180016238     sf_runtime:sf_runtime.dll
 0002:00000240       __imp_getRuntimeInstanceInfoAsVoid 0000000180016240     sf_runtime:sf_runtime.dll
 0002:00000248       __imp_call_sf_machine_global_method_dispatcher 0000000180016248     sf_runtime:sf_runtime.dll
 0002:00000250       __imp_callMdlMethodAndReportError 0000000180016250     sf_runtime:sf_runtime.dll
 0002:00000258       __imp_sf_get_hasSeparateUpdateOutputs 0000000180016258     sf_runtime:sf_runtime.dll
 0002:00000260       __imp_sf_get_ChartInfoStruct_CodeGen 0000000180016260     sf_runtime:sf_runtime.dll
 0002:00000268       __imp_sf_debug_cv_init_state 0000000180016268     sf_runtime:sf_runtime.dll
 0002:00000270       __imp_sf_debug_cv_init_chart 0000000180016270     sf_runtime:sf_runtime.dll
 0002:00000278       __imp_sf_debug_cv_init_trans 0000000180016278     sf_runtime:sf_runtime.dll
 0002:00000280       __imp_sf_debug_data_range_wrapper 0000000180016280     sf_runtime:sf_runtime.dll
 0002:00000288       __imp_sf_debug_set_chart_substate_count 0000000180016288     sf_runtime:sf_runtime.dll
 0002:00000290       __imp_sf_debug_set_chart_decomposition 0000000180016290     sf_runtime:sf_runtime.dll
 0002:00000298       __imp_sf_debug_set_chart_state_info 0000000180016298     sf_runtime:sf_runtime.dll
 0002:000002a0       __imp_sf_debug_terminate   00000001800162a0     sf_runtime:sf_runtime.dll
 0002:000002a8       __imp_sf_debug_set_chart_disable_implicit_casting 00000001800162a8     sf_runtime:sf_runtime.dll
 0002:000002b0       __imp_sf_debug_set_instance_data_value_ptr 00000001800162b0     sf_runtime:sf_runtime.dll
 0002:000002b8       __imp_sf_debug_symbol_scope_add_eml_importable 00000001800162b8     sf_runtime:sf_runtime.dll
 0002:000002c0       __imp_sf_debug_symbol_scope_add_eml 00000001800162c0     sf_runtime:sf_runtime.dll
 0002:000002c8       __imp_sf_debug_symbol_scope_pop 00000001800162c8     sf_runtime:sf_runtime.dll
 0002:000002d0       __imp_sf_debug_symbol_scope_push_eml 00000001800162d0     sf_runtime:sf_runtime.dll
 0002:000002d8       __imp_sf_debug_set_chart_data_compiled_props 00000001800162d8     sf_runtime:sf_runtime.dll
 0002:000002e0       __imp_sf_debug_symbol_scope_push 00000001800162e0     sf_runtime:sf_runtime.dll
 0002:000002e8       __imp_sf_debug_check_for_state_inconsistency 00000001800162e8     sf_runtime:sf_runtime.dll
 0002:000002f0       __imp_sf_debug_reset_current_state_configuration 00000001800162f0     sf_runtime:sf_runtime.dll
 0002:000002f8       __imp_cv_eml_init_fcn      00000001800162f8     sf_runtime:sf_runtime.dll
 0002:00000300       __imp_cv_eml_init_script   0000000180016300     sf_runtime:sf_runtime.dll
 0002:00000308       __imp_cv_eml_eval          0000000180016308     sf_runtime:sf_runtime.dll
 0002:00000310       __imp_eml_debug_line_call  0000000180016310     sf_runtime:sf_runtime.dll
 0002:00000318       __imp_sf_debug_call        0000000180016318     sf_runtime:sf_runtime.dll
 0002:00000320       __imp_sf_debug_initialize_chart 0000000180016320     sf_runtime:sf_runtime.dll
 0002:00000328       __imp_sf_debug_create_debug_instance_struct 0000000180016328     sf_runtime:sf_runtime.dll
 0002:00000330       __imp_sf_debug_set_chart_event_thresholds 0000000180016330     sf_runtime:sf_runtime.dll
 0002:00000338       __imp_sf_clear_error_manager_info 0000000180016338     sf_runtime:sf_runtime.dll
 0002:00000340       __imp_ssGetOutputPortSignal_wrapper 0000000180016340     sf_runtime:sf_runtime.dll
 0002:00000348       __imp_ssGetInputPortSignal_wrapper 0000000180016348     sf_runtime:sf_runtime.dll
 0002:00000350       __imp_sf_mex_decode_encoded_mx_struct_array 0000000180016350     sf_runtime:sf_runtime.dll
 0002:00000358       __imp_sf_mex_import        0000000180016358     sf_runtime:sf_runtime.dll
 0002:00000360       __imp_sf_mex_destroy       0000000180016360     sf_runtime:sf_runtime.dll
 0002:00000368       __imp_sf_mex_dup           0000000180016368     sf_runtime:sf_runtime.dll
 0002:00000370       __imp_sf_mex_assign        0000000180016370     sf_runtime:sf_runtime.dll
 0002:00000378       __imp_sf_mex_getcell       0000000180016378     sf_runtime:sf_runtime.dll
 0002:00000380       __imp_sf_mex_setcell       0000000180016380     sf_runtime:sf_runtime.dll
 0002:00000388       __imp_sf_mex_createcellmatrix 0000000180016388     sf_runtime:sf_runtime.dll
 0002:00000390       __imp_sf_mex_create        0000000180016390     sf_runtime:sf_runtime.dll
 0002:00000398       __imp_sf_mex_error_message 0000000180016398     sf_runtime:sf_runtime.dll
 0002:000003a0       __imp_sf_register_codegen_names_for_scoped_functions_defined_by_chart 00000001800163a0     sf_runtime:sf_runtime.dll
 0002:000003a8       __imp_sf_set_chart_accesses_machine_info 00000001800163a8     sf_runtime:sf_runtime.dll
 0002:000003b0       __imp_sf_is_first_init_cond 00000001800163b0     sf_runtime:sf_runtime.dll
 0002:000003b8       __imp_sf_get_time          00000001800163b8     sf_runtime:sf_runtime.dll
 0002:000003c0       __imp_sf_set_rtw_dwork_info 00000001800163c0     sf_runtime:sf_runtime.dll
 0002:000003c8       __imp_sf_clear_rtw_identifier 00000001800163c8     sf_runtime:sf_runtime.dll
 0002:000003d0       __imp_sim_mode_is_modelref_sim 00000001800163d0     sf_runtime:sf_runtime.dll
 0002:000003d8       __imp_sim_mode_is_external 00000001800163d8     sf_runtime:sf_runtime.dll
 0002:000003e0       __imp_sim_mode_is_rtw_gen  00000001800163e0     sf_runtime:sf_runtime.dll
 0002:000003e8       __imp_sf_mark_chart_expressionable_inputs 00000001800163e8     sf_runtime:sf_runtime.dll
 0002:000003f0       __imp_sf_mark_chart_reusable_outputs 00000001800163f0     sf_runtime:sf_runtime.dll
 0002:000003f8       __imp_sf_is_chart_inlinable 00000001800163f8     sf_runtime:sf_runtime.dll
 0002:00000400       __imp_sf_update_buildInfo  0000000180016400     sf_runtime:sf_runtime.dll
 0002:00000408       __imp_sf_rtw_info_uint_prop 0000000180016408     sf_runtime:sf_runtime.dll
 0002:00000410       __imp_sf_get_chart_instance_ptr 0000000180016410     sf_runtime:sf_runtime.dll
 0002:00000418       __imp_sfrtGetEmlrtCtx      0000000180016418     sf_runtime:sf_runtime.dll
 0002:00000420       __imp_sf_free_ChartRunTimeInfo 0000000180016420     sf_runtime:sf_runtime.dll
 0002:00000428       __imp_sf_init_ChartRunTimeInfo 0000000180016428     sf_runtime:sf_runtime.dll
 0002:00000430       __imp_sf_debug_set_machine_data_thresholds 0000000180016430     sf_runtime:sf_runtime.dll
 0002:00000438       __imp_sf_debug_set_machine_event_thresholds 0000000180016438     sf_runtime:sf_runtime.dll
 0002:00000440       __imp_sf_debug_initialize_machine 0000000180016440     sf_runtime:sf_runtime.dll
 0002:00000448       __imp_sf_load_rtw_optimization_info 0000000180016448     sf_runtime:sf_runtime.dll
 0002:00000450       __imp_sf_debug_api         0000000180016450     sf_runtime:sf_runtime.dll
 0002:00000458       \177sf_runtime_NULL_THUNK_DATA 0000000180016458     sf_runtime:sf_runtime.dll
 0002:00000460       __xc_a                     0000000180016460     MSVCRT:cinitexe.obj
 0002:00000468       __xc_z                     0000000180016468     MSVCRT:cinitexe.obj
 0002:00000470       __xi_a                     0000000180016470     MSVCRT:cinitexe.obj
 0002:00000488       __xi_z                     0000000180016488     MSVCRT:cinitexe.obj
 0002:00000490       __real@419724689c000000    0000000180016490     rail_ver01_NoJobHikariSensor_sfun.obj
 0002:00000498       __real@419e104f80000000    0000000180016498     rail_ver01_NoJobHikariSensor_sfun.obj
 0002:000004a0       __real@41bdf53ab3000000    00000001800164a0     rail_ver01_NoJobHikariSensor_sfun.obj
 0002:000004a8       __real@41c0475497000000    00000001800164a8     rail_ver01_NoJobHikariSensor_sfun.obj
 0002:000004b0       __real@41cb14a5cc000000    00000001800164b0     rail_ver01_NoJobHikariSensor_sfun.obj
 0002:000004b8       __real@41d4a86a26400000    00000001800164b8     rail_ver01_NoJobHikariSensor_sfun.obj
 0002:000004c0       __real@41d74c98ee800000    00000001800164c0     rail_ver01_NoJobHikariSensor_sfun.obj
 0002:000004c8       __real@41dcd0a484000000    00000001800164c8     rail_ver01_NoJobHikariSensor_sfun.obj
 0002:000004d0       __real@41e25cd922800000    00000001800164d0     rail_ver01_NoJobHikariSensor_sfun.obj
 0002:000004d8       __real@41e8946fb1e00000    00000001800164d8     rail_ver01_NoJobHikariSensor_sfun.obj
 0002:000004e0       __real@41eabc086fc00000    00000001800164e0     rail_ver01_NoJobHikariSensor_sfun.obj
 0002:000004e8       __real@41eef4a47aa00000    00000001800164e8     rail_ver01_NoJobHikariSensor_sfun.obj
 0002:000004f0       __real@3ff0000000000000    00000001800164f0     c12_rail_ver01_NoJobHikariSensor.obj
 0002:000004f8       __real@4000000000000000    00000001800164f8     c12_rail_ver01_NoJobHikariSensor.obj
 0002:00000500       __real@4008000000000000    0000000180016500     c12_rail_ver01_NoJobHikariSensor.obj
 0002:00000508       __real@4018000000000000    0000000180016508     c12_rail_ver01_NoJobHikariSensor.obj
 0002:00000510       __real@4024000000000000    0000000180016510     c12_rail_ver01_NoJobHikariSensor.obj
 0002:00000518       __real@407a800000000000    0000000180016518     c12_rail_ver01_NoJobHikariSensor.obj
 0002:00000520       __real@4080000000000000    0000000180016520     c12_rail_ver01_NoJobHikariSensor.obj
 0002:00000528       __real@410a800000000000    0000000180016528     c12_rail_ver01_NoJobHikariSensor.obj
 0002:00000530       __real@41cf5fa562800000    0000000180016530     c12_rail_ver01_NoJobHikariSensor.obj
 0002:00000538       __real@41d7bdb8b8400000    0000000180016538     c12_rail_ver01_NoJobHikariSensor.obj
 0002:00000540       __real@41e3b04f63a00000    0000000180016540     c12_rail_ver01_NoJobHikariSensor.obj
 0002:00000548       __real@41e6a2dab4c00000    0000000180016548     c12_rail_ver01_NoJobHikariSensor.obj
 0002:00000550       DYNAMIC_DIMENSION_DEF      0000000180016550     rail_ver01_NoJobHikariSensor_sfun_registry.obj
 0002:00000568       __real@0000000000000000    0000000180016568     rail_ver01_NoJobHikariSensor_sfun_registry.obj
 0002:00000570       __real@4010000000000000    0000000180016570     rail_ver01_NoJobHikariSensor_sfun_registry.obj
 0002:00000578       __real@41602cbca0000000    0000000180016578     rail_ver01_NoJobHikariSensor_sfun_registry.obj
 0002:00000580       __real@bff0000000000000    0000000180016580     rail_ver01_NoJobHikariSensor_sfun_registry.obj
 0002:00000598       _pRawDllMain               0000000180016598     MSVCRT:crtdll.obj
 0002:00000598       _pDefaultRawDllMain        0000000180016598     MSVCRT:crtdll.obj
 0002:000005a0       ?ProcessDetach@NativeDll@<CrtImplementationDetails>@@0IB 00000001800165a0     MSVCRT:initsect.obj
 0002:000005a4       ?ProcessAttach@NativeDll@<CrtImplementationDetails>@@0IB 00000001800165a4     MSVCRT:initsect.obj
 0002:000005a8       ?ThreadAttach@NativeDll@<CrtImplementationDetails>@@0IB 00000001800165a8     MSVCRT:initsect.obj
 0002:000005ac       ?ThreadDetach@NativeDll@<CrtImplementationDetails>@@0IB 00000001800165ac     MSVCRT:initsect.obj
 0002:000005b0       ?ProcessVerifier@NativeDll@<CrtImplementationDetails>@@0IB 00000001800165b0     MSVCRT:initsect.obj
 0002:000005b4       ?value@?$integral_constant@_N$0A@@std@@2_NB 00000001800165b4     MSVCRT:tncleanup.obj
 0002:000005b5       ?value@?$integral_constant@_N$00@std@@2_NB 00000001800165b5     MSVCRT:tncleanup.obj
 0002:000005c0       _load_config_used          00000001800165c0     MSVCRT:loadcfg.obj
 0002:00000630       __rtc_iaa                  0000000180016630     MSVCRT:initsect.obj
 0002:00000638       __rtc_izz                  0000000180016638     MSVCRT:initsect.obj
 0002:00000640       __rtc_taa                  0000000180016640     MSVCRT:initsect.obj
 0002:00000648       __rtc_tzz                  0000000180016648     MSVCRT:initsect.obj
 0002:00000ff8       __IMPORT_DESCRIPTOR_libmwrgb2hsv_tbb 0000000180016ff8     libmwrgb2hsv_tbb:libmwrgb2hsv_tbb.dll
 0002:0000100c       __IMPORT_DESCRIPTOR_sf_runtime 000000018001700c     sf_runtime:sf_runtime.dll
 0002:00001020       __IMPORT_DESCRIPTOR_libmx  0000000180017020     libmx:libmx.dll
 0002:00001034       __IMPORT_DESCRIPTOR_libmex 0000000180017034     libmex:libmex.dll
 0002:00001048       __IMPORT_DESCRIPTOR_libut  0000000180017048     libut:libut.dll
 0002:0000105c       __IMPORT_DESCRIPTOR_MSVCR120 000000018001705c     MSVCRT:MSVCR120.dll
 0002:00001070       __IMPORT_DESCRIPTOR_KERNEL32 0000000180017070     kernel32:KERNEL32.dll
 0002:00001084       __NULL_IMPORT_DESCRIPTOR   0000000180017084     libmwrgb2hsv_tbb:libmwrgb2hsv_tbb.dll
 0003:00001f50       DYNAMIC_DIMENSION          000000018001af50     rail_ver01_NoJobHikariSensor_sfun_registry.obj
 0003:00003560       __security_cookie          000000018001c560     MSVCRT:gs_cookie.obj
 0003:00003568       __security_cookie_complement 000000018001c568     MSVCRT:gs_cookie.obj
 0003:00003570       _fltused                   000000018001c570     MSVCRT:dllsupp.obj
 0003:00003574       __native_dllmain_reason    000000018001c574     MSVCRT:natstart.obj
 0003:000035b0       sfGlobalDebugInstanceStruct 000000018001c5b0     rail_ver01_NoJobHikariSensor_sfun_registry.obj
 0003:00004b38       ?__type_info_root_node@@3U__type_info_node@@A 000000018001db38     MSVCRT:tncleanup.obj
 0003:00004b48       _rail_ver01_NoJobHikariSensorMachineNumber_ 000000018001db48     <common>
 0003:00004b50       __native_startup_lock      000000018001db50     <common>
 0003:00004b58       __native_startup_state     000000018001db58     <common>
 0003:00004b60       __onexitend                000000018001db60     <common>
 0003:00004b68       __onexitbegin              000000018001db68     <common>
 0003:00004b70       __dyn_tls_init_callback    000000018001db70     <common>

 entry point at        0001:0001408c

 Static symbols

 0000:00000000       .debug$S                   0000000180000000     sf_runtime:sf_runtime.dll
 0000:00000000       .debug$S                   0000000180000000     kernel32:KERNEL32.dll
 0000:00000000       .debug$S                   0000000180000000     kernel32:KERNEL32.dll
 0000:00000000       .debug$S                   0000000180000000     kernel32:KERNEL32.dll
 0000:00000000       .debug$S                   0000000180000000     kernel32:KERNEL32.dll
 0000:00000000       .debug$S                   0000000180000000     kernel32:KERNEL32.dll
 0000:00000000       .debug$S                   0000000180000000     kernel32:KERNEL32.dll
 0000:00000000       .debug$S                   0000000180000000     kernel32:KERNEL32.dll
 0000:00000000       .debug$S                   0000000180000000     kernel32:KERNEL32.dll
 0000:00000000       .debug$S                   0000000180000000     kernel32:KERNEL32.dll
 0000:00000000       .debug$S                   0000000180000000     MSVCRT:MSVCR120.dll
 0000:00000000       .debug$S                   0000000180000000     MSVCRT:MSVCR120.dll
 0000:00000000       .debug$S                   0000000180000000     MSVCRT:MSVCR120.dll
 0000:00000000       .debug$S                   0000000180000000     MSVCRT:MSVCR120.dll
 0000:00000000       .debug$S                   0000000180000000     MSVCRT:MSVCR120.dll
 0000:00000000       .debug$S                   0000000180000000     MSVCRT:MSVCR120.dll
 0000:00000000       .debug$S                   0000000180000000     MSVCRT:MSVCR120.dll
 0000:00000000       .debug$S                   0000000180000000     MSVCRT:MSVCR120.dll
 0000:00000000       .debug$S                   0000000180000000     MSVCRT:MSVCR120.dll
 0000:00000000       .debug$S                   0000000180000000     MSVCRT:MSVCR120.dll
 0000:00000000       .debug$S                   0000000180000000     MSVCRT:MSVCR120.dll
 0000:00000000       .debug$S                   0000000180000000     MSVCRT:MSVCR120.dll
 0000:00000000       .debug$S                   0000000180000000     MSVCRT:MSVCR120.dll
 0000:00000000       .debug$S                   0000000180000000     MSVCRT:MSVCR120.dll
 0000:00000000       .debug$S                   0000000180000000     MSVCRT:MSVCR120.dll
 0000:00000000       .debug$S                   0000000180000000     MSVCRT:MSVCR120.dll
 0000:00000000       .debug$S                   0000000180000000     MSVCRT:MSVCR120.dll
 0000:00000000       .debug$S                   0000000180000000     MSVCRT:MSVCR120.dll
 0000:00000000       .debug$S                   0000000180000000     MSVCRT:MSVCR120.dll
 0000:00000000       .debug$S                   0000000180000000     MSVCRT:MSVCR120.dll
 0000:00000000       .debug$S                   0000000180000000     MSVCRT:MSVCR120.dll
 0000:00000000       .debug$S                   0000000180000000     MSVCRT:MSVCR120.dll
 0000:00000000       .debug$S                   0000000180000000     MSVCRT:MSVCR120.dll
 0000:00000000       .debug$S                   0000000180000000     MSVCRT:MSVCR120.dll
 0000:00000000       .debug$S                   0000000180000000     libmwrgb2hsv_tbb:libmwrgb2hsv_tbb.dll
 0000:00000000       .debug$S                   0000000180000000     sf_runtime:sf_runtime.dll
 0000:00000000       .debug$S                   0000000180000000     sf_runtime:sf_runtime.dll
 0000:00000000       .debug$S                   0000000180000000     sf_runtime:sf_runtime.dll
 0000:00000000       .debug$S                   0000000180000000     sf_runtime:sf_runtime.dll
 0000:00000000       .debug$S                   0000000180000000     sf_runtime:sf_runtime.dll
 0000:00000000       .debug$S                   0000000180000000     sf_runtime:sf_runtime.dll
 0000:00000000       .debug$S                   0000000180000000     sf_runtime:sf_runtime.dll
 0000:00000000       .debug$S                   0000000180000000     sf_runtime:sf_runtime.dll
 0000:00000000       .debug$S                   0000000180000000     sf_runtime:sf_runtime.dll
 0000:00000000       .debug$S                   0000000180000000     sf_runtime:sf_runtime.dll
 0000:00000000       .debug$S                   0000000180000000     sf_runtime:sf_runtime.dll
 0000:00000000       .debug$S                   0000000180000000     sf_runtime:sf_runtime.dll
 0000:00000000       .debug$S                   0000000180000000     sf_runtime:sf_runtime.dll
 0000:00000000       .debug$S                   0000000180000000     sf_runtime:sf_runtime.dll
 0000:00000000       .debug$S                   0000000180000000     sf_runtime:sf_runtime.dll
 0000:00000000       .debug$S                   0000000180000000     sf_runtime:sf_runtime.dll
 0000:00000000       .debug$S                   0000000180000000     sf_runtime:sf_runtime.dll
 0000:00000000       .debug$S                   0000000180000000     sf_runtime:sf_runtime.dll
 0000:00000000       .debug$S                   0000000180000000     sf_runtime:sf_runtime.dll
 0000:00000000       .debug$S                   0000000180000000     sf_runtime:sf_runtime.dll
 0000:00000000       .debug$S                   0000000180000000     sf_runtime:sf_runtime.dll
 0000:00000000       .debug$S                   0000000180000000     sf_runtime:sf_runtime.dll
 0000:00000000       .debug$S                   0000000180000000     sf_runtime:sf_runtime.dll
 0000:00000000       .debug$S                   0000000180000000     sf_runtime:sf_runtime.dll
 0000:00000000       .debug$S                   0000000180000000     sf_runtime:sf_runtime.dll
 0000:00000000       .debug$S                   0000000180000000     sf_runtime:sf_runtime.dll
 0000:00000000       .debug$S                   0000000180000000     sf_runtime:sf_runtime.dll
 0000:00000000       .debug$S                   0000000180000000     sf_runtime:sf_runtime.dll
 0000:00000000       .debug$S                   0000000180000000     sf_runtime:sf_runtime.dll
 0000:00000000       .debug$S                   0000000180000000     sf_runtime:sf_runtime.dll
 0000:00000000       .debug$S                   0000000180000000     sf_runtime:sf_runtime.dll
 0000:00000000       .debug$S                   0000000180000000     sf_runtime:sf_runtime.dll
 0000:00000000       .debug$S                   0000000180000000     sf_runtime:sf_runtime.dll
 0000:00000000       .debug$S                   0000000180000000     libut:libut.dll
 0000:00000000       .debug$S                   0000000180000000     libut:libut.dll
 0000:00000000       .debug$S                   0000000180000000     libmex:libmex.dll
 0000:00000000       .debug$S                   0000000180000000     libmex:libmex.dll
 0000:00000000       .debug$S                   0000000180000000     libmex:libmex.dll
 0000:00000000       .debug$S                   0000000180000000     libmex:libmex.dll
 0000:00000000       .debug$S                   0000000180000000     libmex:libmex.dll
 0000:00000000       .debug$S                   0000000180000000     libmex:libmex.dll
 0000:00000000       .debug$S                   0000000180000000     libmex:libmex.dll
 0000:00000000       .debug$S                   0000000180000000     libmx:libmx.dll
 0000:00000000       .debug$S                   0000000180000000     libmx:libmx.dll
 0000:00000000       .debug$S                   0000000180000000     libmx:libmx.dll
 0000:00000000       .debug$S                   0000000180000000     libmx:libmx.dll
 0000:00000000       .debug$S                   0000000180000000     libmx:libmx.dll
 0000:00000000       .debug$S                   0000000180000000     libmx:libmx.dll
 0000:00000000       .debug$S                   0000000180000000     libmx:libmx.dll
 0000:00000000       .debug$S                   0000000180000000     libmx:libmx.dll
 0000:00000000       .debug$S                   0000000180000000     libmx:libmx.dll
 0000:00000000       .debug$S                   0000000180000000     libmx:libmx.dll
 0000:00000000       .debug$S                   0000000180000000     libmx:libmx.dll
 0000:00000000       .debug$S                   0000000180000000     libmx:libmx.dll
 0000:00000000       .debug$S                   0000000180000000     libmx:libmx.dll
 0000:00000000       .debug$S                   0000000180000000     libmx:libmx.dll
 0000:00000000       .debug$S                   0000000180000000     libmx:libmx.dll
 0000:00000000       .debug$S                   0000000180000000     libmx:libmx.dll
 0000:00000000       .debug$S                   0000000180000000     libmx:libmx.dll
 0000:00000000       .debug$S                   0000000180000000     libmx:libmx.dll
 0000:00000000       .debug$S                   0000000180000000     libmx:libmx.dll
 0000:00000000       .debug$S                   0000000180000000     libmx:libmx.dll
 0000:00000000       .debug$S                   0000000180000000     libmx:libmx.dll
 0000:00000000       .debug$S                   0000000180000000     sf_runtime:sf_runtime.dll
 0000:00000000       .debug$S                   0000000180000000     sf_runtime:sf_runtime.dll
 0000:00000000       .debug$S                   0000000180000000     sf_runtime:sf_runtime.dll
 0000:00000000       .debug$S                   0000000180000000     sf_runtime:sf_runtime.dll
 0000:00000000       .debug$S                   0000000180000000     sf_runtime:sf_runtime.dll
 0000:00000000       .debug$S                   0000000180000000     sf_runtime:sf_runtime.dll
 0000:00000000       .debug$S                   0000000180000000     sf_runtime:sf_runtime.dll
 0000:00000000       .debug$S                   0000000180000000     sf_runtime:sf_runtime.dll
 0000:00000000       .debug$S                   0000000180000000     sf_runtime:sf_runtime.dll
 0000:00000000       .debug$S                   0000000180000000     sf_runtime:sf_runtime.dll
 0000:00000000       .debug$S                   0000000180000000     sf_runtime:sf_runtime.dll
 0000:00000000       .debug$S                   0000000180000000     sf_runtime:sf_runtime.dll
 0000:00000000       .debug$S                   0000000180000000     sf_runtime:sf_runtime.dll
 0000:00000000       .debug$S                   0000000180000000     sf_runtime:sf_runtime.dll
 0000:00000000       .debug$S                   0000000180000000     sf_runtime:sf_runtime.dll
 0000:00000000       .debug$S                   0000000180000000     sf_runtime:sf_runtime.dll
 0000:00000000       .debug$S                   0000000180000000     sf_runtime:sf_runtime.dll
 0000:00000000       .debug$S                   0000000180000000     sf_runtime:sf_runtime.dll
 0000:00000000       .debug$S                   0000000180000000     sf_runtime:sf_runtime.dll
 0000:00000000       .debug$S                   0000000180000000     sf_runtime:sf_runtime.dll
 0000:00000000       .debug$S                   0000000180000000     sf_runtime:sf_runtime.dll
 0000:00000000       .debug$S                   0000000180000000     sf_runtime:sf_runtime.dll
 0000:00000000       .debug$S                   0000000180000000     sf_runtime:sf_runtime.dll
 0000:00000000       .debug$S                   0000000180000000     sf_runtime:sf_runtime.dll
 0000:00000000       .debug$S                   0000000180000000     sf_runtime:sf_runtime.dll
 0000:00000000       .debug$S                   0000000180000000     sf_runtime:sf_runtime.dll
 0000:00000000       .debug$S                   0000000180000000     sf_runtime:sf_runtime.dll
 0000:00000000       .debug$S                   0000000180000000     sf_runtime:sf_runtime.dll
 0000:00000000       .debug$S                   0000000180000000     sf_runtime:sf_runtime.dll
 0000:00000000       .debug$S                   0000000180000000     sf_runtime:sf_runtime.dll
 0000:00000000       .debug$S                   0000000180000000     sf_runtime:sf_runtime.dll
 0000:00000000       .debug$S                   0000000180000000     sf_runtime:sf_runtime.dll
 0000:00000000       .debug$S                   0000000180000000     sf_runtime:sf_runtime.dll
 0000:00000000       .debug$S                   0000000180000000     sf_runtime:sf_runtime.dll
 0000:00000000       .debug$S                   0000000180000000     sf_runtime:sf_runtime.dll
 0001:000012c0       chart_debug_initialization 00000001800022c0 f   c12_rail_ver01_NoJobHikariSensor.obj
 0001:00001ac0       chart_debug_initialize_data_addresses 0000000180002ac0 f   c12_rail_ver01_NoJobHikariSensor.obj
 0001:00001c00       initialize_c12_rail_ver01_NoJobHikariSensor 0000000180002c00 f   c12_rail_ver01_NoJobHikariSensor.obj
 0001:00001c70       initialize_params_c12_rail_ver01_NoJobHikariSensor 0000000180002c70 f   c12_rail_ver01_NoJobHikariSensor.obj
 0001:00001c80       enable_c12_rail_ver01_NoJobHikariSensor 0000000180002c80 f   c12_rail_ver01_NoJobHikariSensor.obj
 0001:00001cb0       disable_c12_rail_ver01_NoJobHikariSensor 0000000180002cb0 f   c12_rail_ver01_NoJobHikariSensor.obj
 0001:00001ce0       c12_update_debugger_state_c12_rail_ver01_NoJobHikariSensor 0000000180002ce0 f   c12_rail_ver01_NoJobHikariSensor.obj
 0001:00001cf0       get_sim_state_c12_rail_ver01_NoJobHikariSensor 0000000180002cf0 f   c12_rail_ver01_NoJobHikariSensor.obj
 0001:00001e70       set_sim_state_c12_rail_ver01_NoJobHikariSensor 0000000180002e70 f   c12_rail_ver01_NoJobHikariSensor.obj
 0001:00001f90       finalize_c12_rail_ver01_NoJobHikariSensor 0000000180002f90 f   c12_rail_ver01_NoJobHikariSensor.obj
 0001:00001fa0       sf_gateway_c12_rail_ver01_NoJobHikariSensor 0000000180002fa0 f   c12_rail_ver01_NoJobHikariSensor.obj
 0001:000022f0       mdl_start_c12_rail_ver01_NoJobHikariSensor 00000001800032f0 f   c12_rail_ver01_NoJobHikariSensor.obj
 0001:00002300       c12_chartstep_c12_rail_ver01_NoJobHikariSensor 0000000180003300 f   c12_rail_ver01_NoJobHikariSensor.obj
 0001:00003740       initSimStructsc12_rail_ver01_NoJobHikariSensor 0000000180004740 f   c12_rail_ver01_NoJobHikariSensor.obj
 0001:00003750       init_script_number_translation 0000000180004750 f   c12_rail_ver01_NoJobHikariSensor.obj
 0001:00003770       c12_sf_marshallOut         0000000180004770 f   c12_rail_ver01_NoJobHikariSensor.obj
 0001:000038c0       c12_emlrt_marshallIn       00000001800048c0 f   c12_rail_ver01_NoJobHikariSensor.obj
 0001:00003930       c12_b_emlrt_marshallIn     0000000180004930 f   c12_rail_ver01_NoJobHikariSensor.obj
 0001:00003a20       c12_sf_marshallIn          0000000180004a20 f   c12_rail_ver01_NoJobHikariSensor.obj
 0001:00003b60       c12_b_sf_marshallOut       0000000180004b60 f   c12_rail_ver01_NoJobHikariSensor.obj
 0001:00003c70       c12_c_sf_marshallOut       0000000180004c70 f   c12_rail_ver01_NoJobHikariSensor.obj
 0001:00003e10       c12_d_sf_marshallOut       0000000180004e10 f   c12_rail_ver01_NoJobHikariSensor.obj
 0001:00003ec0       c12_c_emlrt_marshallIn     0000000180004ec0 f   c12_rail_ver01_NoJobHikariSensor.obj
 0001:00003f50       c12_b_sf_marshallIn        0000000180004f50 f   c12_rail_ver01_NoJobHikariSensor.obj
 0001:00004000       c12_e_sf_marshallOut       0000000180005000 f   c12_rail_ver01_NoJobHikariSensor.obj
 0001:000041a0       c12_d_emlrt_marshallIn     00000001800051a0 f   c12_rail_ver01_NoJobHikariSensor.obj
 0001:000042a0       c12_c_sf_marshallIn        00000001800052a0 f   c12_rail_ver01_NoJobHikariSensor.obj
 0001:00004430       c12_f_emlrt_marshallIn     0000000180005430 f   c12_rail_ver01_NoJobHikariSensor.obj
 0001:000044a0       c12_g_emlrt_marshallIn     00000001800054a0 f   c12_rail_ver01_NoJobHikariSensor.obj
 0001:00004530       init_dsm_address_info      0000000180005530 f   c12_rail_ver01_NoJobHikariSensor.obj
 0001:00004540       init_simulink_io_address   0000000180005540 f   c12_rail_ver01_NoJobHikariSensor.obj
 0001:00004ef0       sf_get_sim_state_info_c12_rail_ver01_NoJobHikariSensor 0000000180005ef0 f   c12_rail_ver01_NoJobHikariSensor.obj
 0001:00004fc0       sf_get_instance_specialization 0000000180005fc0 f   c12_rail_ver01_NoJobHikariSensor.obj
 0001:00004fd0       sf_opaque_initialize_c12_rail_ver01_NoJobHikariSensor 0000000180005fd0 f   c12_rail_ver01_NoJobHikariSensor.obj
 0001:00005010       sf_opaque_enable_c12_rail_ver01_NoJobHikariSensor 0000000180006010 f   c12_rail_ver01_NoJobHikariSensor.obj
 0001:00005030       sf_opaque_disable_c12_rail_ver01_NoJobHikariSensor 0000000180006030 f   c12_rail_ver01_NoJobHikariSensor.obj
 0001:00005050       sf_opaque_gateway_c12_rail_ver01_NoJobHikariSensor 0000000180006050 f   c12_rail_ver01_NoJobHikariSensor.obj
 0001:00005070       sf_opaque_get_sim_state_c12_rail_ver01_NoJobHikariSensor 0000000180006070 f   c12_rail_ver01_NoJobHikariSensor.obj
 0001:000050a0       sf_opaque_set_sim_state_c12_rail_ver01_NoJobHikariSensor 00000001800060a0 f   c12_rail_ver01_NoJobHikariSensor.obj
 0001:000050d0       sf_opaque_terminate_c12_rail_ver01_NoJobHikariSensor 00000001800060d0 f   c12_rail_ver01_NoJobHikariSensor.obj
 0001:00005170       mdlProcessParameters_c12_rail_ver01_NoJobHikariSensor 0000000180006170 f   c12_rail_ver01_NoJobHikariSensor.obj
 0001:00005230       mdlSetWorkWidths_c12_rail_ver01_NoJobHikariSensor 0000000180006230 f   c12_rail_ver01_NoJobHikariSensor.obj
 0001:000058d0       mdlRTW_c12_rail_ver01_NoJobHikariSensor 00000001800068d0 f   c12_rail_ver01_NoJobHikariSensor.obj
 0001:00005910       mdlStart_c12_rail_ver01_NoJobHikariSensor 0000000180006910 f   c12_rail_ver01_NoJobHikariSensor.obj
 0001:00005d20       chart_debug_initialization 0000000180006d20 f   c21_rail_ver01_NoJobHikariSensor.obj
 0001:00006520       chart_debug_initialize_data_addresses 0000000180007520 f   c21_rail_ver01_NoJobHikariSensor.obj
 0001:00006660       initialize_c21_rail_ver01_NoJobHikariSensor 0000000180007660 f   c21_rail_ver01_NoJobHikariSensor.obj
 0001:000066d0       initialize_params_c21_rail_ver01_NoJobHikariSensor 00000001800076d0 f   c21_rail_ver01_NoJobHikariSensor.obj
 0001:000066e0       enable_c21_rail_ver01_NoJobHikariSensor 00000001800076e0 f   c21_rail_ver01_NoJobHikariSensor.obj
 0001:00006710       disable_c21_rail_ver01_NoJobHikariSensor 0000000180007710 f   c21_rail_ver01_NoJobHikariSensor.obj
 0001:00006740       c21_update_debugger_state_c21_rail_ver01_NoJobHikariSensor 0000000180007740 f   c21_rail_ver01_NoJobHikariSensor.obj
 0001:00006750       get_sim_state_c21_rail_ver01_NoJobHikariSensor 0000000180007750 f   c21_rail_ver01_NoJobHikariSensor.obj
 0001:000068d0       set_sim_state_c21_rail_ver01_NoJobHikariSensor 00000001800078d0 f   c21_rail_ver01_NoJobHikariSensor.obj
 0001:000069f0       finalize_c21_rail_ver01_NoJobHikariSensor 00000001800079f0 f   c21_rail_ver01_NoJobHikariSensor.obj
 0001:00006a00       sf_gateway_c21_rail_ver01_NoJobHikariSensor 0000000180007a00 f   c21_rail_ver01_NoJobHikariSensor.obj
 0001:00006d50       mdl_start_c21_rail_ver01_NoJobHikariSensor 0000000180007d50 f   c21_rail_ver01_NoJobHikariSensor.obj
 0001:00006d60       c21_chartstep_c21_rail_ver01_NoJobHikariSensor 0000000180007d60 f   c21_rail_ver01_NoJobHikariSensor.obj
 0001:000081a0       initSimStructsc21_rail_ver01_NoJobHikariSensor 00000001800091a0 f   c21_rail_ver01_NoJobHikariSensor.obj
 0001:000081b0       init_script_number_translation 00000001800091b0 f   c21_rail_ver01_NoJobHikariSensor.obj
 0001:000081d0       c21_sf_marshallOut         00000001800091d0 f   c21_rail_ver01_NoJobHikariSensor.obj
 0001:00008320       c21_emlrt_marshallIn       0000000180009320 f   c21_rail_ver01_NoJobHikariSensor.obj
 0001:00008390       c21_b_emlrt_marshallIn     0000000180009390 f   c21_rail_ver01_NoJobHikariSensor.obj
 0001:00008480       c21_sf_marshallIn          0000000180009480 f   c21_rail_ver01_NoJobHikariSensor.obj
 0001:000085c0       c21_b_sf_marshallOut       00000001800095c0 f   c21_rail_ver01_NoJobHikariSensor.obj
 0001:000086d0       c21_c_sf_marshallOut       00000001800096d0 f   c21_rail_ver01_NoJobHikariSensor.obj
 0001:00008870       c21_d_sf_marshallOut       0000000180009870 f   c21_rail_ver01_NoJobHikariSensor.obj
 0001:00008920       c21_c_emlrt_marshallIn     0000000180009920 f   c21_rail_ver01_NoJobHikariSensor.obj
 0001:000089b0       c21_b_sf_marshallIn        00000001800099b0 f   c21_rail_ver01_NoJobHikariSensor.obj
 0001:00008a60       c21_e_sf_marshallOut       0000000180009a60 f   c21_rail_ver01_NoJobHikariSensor.obj
 0001:00008c00       c21_d_emlrt_marshallIn     0000000180009c00 f   c21_rail_ver01_NoJobHikariSensor.obj
 0001:00008d00       c21_c_sf_marshallIn        0000000180009d00 f   c21_rail_ver01_NoJobHikariSensor.obj
 0001:00008e90       c21_f_emlrt_marshallIn     0000000180009e90 f   c21_rail_ver01_NoJobHikariSensor.obj
 0001:00008f00       c21_g_emlrt_marshallIn     0000000180009f00 f   c21_rail_ver01_NoJobHikariSensor.obj
 0001:00008f90       init_dsm_address_info      0000000180009f90 f   c21_rail_ver01_NoJobHikariSensor.obj
 0001:00008fa0       init_simulink_io_address   0000000180009fa0 f   c21_rail_ver01_NoJobHikariSensor.obj
 0001:00009950       sf_get_sim_state_info_c21_rail_ver01_NoJobHikariSensor 000000018000a950 f   c21_rail_ver01_NoJobHikariSensor.obj
 0001:00009a20       sf_get_instance_specialization 000000018000aa20 f   c21_rail_ver01_NoJobHikariSensor.obj
 0001:00009a30       sf_opaque_initialize_c21_rail_ver01_NoJobHikariSensor 000000018000aa30 f   c21_rail_ver01_NoJobHikariSensor.obj
 0001:00009a70       sf_opaque_enable_c21_rail_ver01_NoJobHikariSensor 000000018000aa70 f   c21_rail_ver01_NoJobHikariSensor.obj
 0001:00009a90       sf_opaque_disable_c21_rail_ver01_NoJobHikariSensor 000000018000aa90 f   c21_rail_ver01_NoJobHikariSensor.obj
 0001:00009ab0       sf_opaque_gateway_c21_rail_ver01_NoJobHikariSensor 000000018000aab0 f   c21_rail_ver01_NoJobHikariSensor.obj
 0001:00009ad0       sf_opaque_get_sim_state_c21_rail_ver01_NoJobHikariSensor 000000018000aad0 f   c21_rail_ver01_NoJobHikariSensor.obj
 0001:00009b00       sf_opaque_set_sim_state_c21_rail_ver01_NoJobHikariSensor 000000018000ab00 f   c21_rail_ver01_NoJobHikariSensor.obj
 0001:00009b30       sf_opaque_terminate_c21_rail_ver01_NoJobHikariSensor 000000018000ab30 f   c21_rail_ver01_NoJobHikariSensor.obj
 0001:00009bd0       mdlProcessParameters_c21_rail_ver01_NoJobHikariSensor 000000018000abd0 f   c21_rail_ver01_NoJobHikariSensor.obj
 0001:00009c90       mdlSetWorkWidths_c21_rail_ver01_NoJobHikariSensor 000000018000ac90 f   c21_rail_ver01_NoJobHikariSensor.obj
 0001:0000a330       mdlRTW_c21_rail_ver01_NoJobHikariSensor 000000018000b330 f   c21_rail_ver01_NoJobHikariSensor.obj
 0001:0000a370       mdlStart_c21_rail_ver01_NoJobHikariSensor 000000018000b370 f   c21_rail_ver01_NoJobHikariSensor.obj
 0001:0000cac8       $LN180                     000000018000dac8     rail_ver01_NoJobHikariSensor_sfun_registry.obj
 0001:0000ec94       $LN17                      000000018000fc94     rail_ver01_NoJobHikariSensor_sfun_registry.obj
 0001:0000f21c       $LN26                      000000018001021c     rail_ver01_NoJobHikariSensor_sfun_registry.obj
 0001:0000f904       $LN23                      0000000180010904     rail_ver01_NoJobHikariSensor_sfun_registry.obj
 0001:0000fee0       $LN26                      0000000180010ee0     rail_ver01_NoJobHikariSensor_sfun_registry.obj
 0001:00011b60       sf_debug_api_wrapper       0000000180012b60 f   rail_ver01_NoJobHikariSensor_sfun_registry.obj
 0001:00011bb0       ProcessMexSfunctionCmdLineCall 0000000180012bb0 f   rail_ver01_NoJobHikariSensor_sfun_registry.obj
 0001:00011f20       mdlSetWorkWidths           0000000180012f20 f   rail_ver01_NoJobHikariSensor_sfun_registry.obj
 0001:00011f70       mdlProcessParameters       0000000180012f70 f   rail_ver01_NoJobHikariSensor_sfun_registry.obj
 0001:00011fa0       mdl_start_processing       0000000180012fa0 f   rail_ver01_NoJobHikariSensor_sfun_registry.obj
 0001:00012000       mdl_terminate_processing   0000000180013000 f   rail_ver01_NoJobHikariSensor_sfun_registry.obj
 0001:000120c0       mdlStart                   00000001800130c0 f   rail_ver01_NoJobHikariSensor_sfun_registry.obj
 0001:000120f0       mdlTerminate               00000001800130f0 f   rail_ver01_NoJobHikariSensor_sfun_registry.obj
 0001:00012120       mdlInitializeSizes         0000000180013120 f   rail_ver01_NoJobHikariSensor_sfun_registry.obj
 0001:00012150       mdlInitializeSampleTimes   0000000180013150 f   rail_ver01_NoJobHikariSensor_sfun_registry.obj
 0001:00012180       mdl_outputs_continuous_legacy 0000000180013180 f   rail_ver01_NoJobHikariSensor_sfun_registry.obj
 0001:00012280       mdl_outputs_processing     0000000180013280 f   rail_ver01_NoJobHikariSensor_sfun_registry.obj
 0001:000123a0       mdl_zeroCrossings_processing 00000001800133a0 f   rail_ver01_NoJobHikariSensor_sfun_registry.obj
 0001:000123e0       mdlZeroCrossings           00000001800133e0 f   rail_ver01_NoJobHikariSensor_sfun_registry.obj
 0001:00012410       mdl_derivatives_processing 0000000180013410 f   rail_ver01_NoJobHikariSensor_sfun_registry.obj
 0001:00012460       mdlDerivatives             0000000180013460 f   rail_ver01_NoJobHikariSensor_sfun_registry.obj
 0001:00012490       mdl_initialize_conditions_processing 0000000180013490 f   rail_ver01_NoJobHikariSensor_sfun_registry.obj
 0001:000124e0       mdlInitializeConditions    00000001800134e0 f   rail_ver01_NoJobHikariSensor_sfun_registry.obj
 0001:00012510       mdl_ext_mode_exec_processing 0000000180013510 f   rail_ver01_NoJobHikariSensor_sfun_registry.obj
 0001:00012550       mdlExtModeExec             0000000180013550 f   rail_ver01_NoJobHikariSensor_sfun_registry.obj
 0001:00012580       mdlRTW                     0000000180013580 f   rail_ver01_NoJobHikariSensor_sfun_registry.obj
 0001:000125c0       mdl_enable_processing      00000001800135c0 f   rail_ver01_NoJobHikariSensor_sfun_registry.obj
 0001:00012600       mdlEnable                  0000000180013600 f   rail_ver01_NoJobHikariSensor_sfun_registry.obj
 0001:00012630       mdl_disable_processing     0000000180013630 f   rail_ver01_NoJobHikariSensor_sfun_registry.obj
 0001:00012670       mdlDisable                 0000000180013670 f   rail_ver01_NoJobHikariSensor_sfun_registry.obj
 0001:000126a0       mdlOutputs                 00000001800136a0 f   rail_ver01_NoJobHikariSensor_sfun_registry.obj
 0001:000126d0       mdl_update_processing      00000001800136d0 f   rail_ver01_NoJobHikariSensor_sfun_registry.obj
 0001:00012720       mdlUpdate                  0000000180013720 f   rail_ver01_NoJobHikariSensor_sfun_registry.obj
 0001:00012900       mdlGetTimeOfNextVarHit     0000000180013900 f   rail_ver01_NoJobHikariSensor_sfun_registry.obj
 0001:00012950       _RegNumInputPortsCB        0000000180013950 f   rail_ver01_NoJobHikariSensor_sfun_registry.obj
 0001:000129d0       _RegNumOutputPortsCB       00000001800139d0 f   rail_ver01_NoJobHikariSensor_sfun_registry.obj
 0001:00012a50       _CreateSimStruct           0000000180013a50 f   rail_ver01_NoJobHikariSensor_sfun_registry.obj
 0001:00012c50       _ProcessMexSfunctionCmdLineCall 0000000180013c50 f   rail_ver01_NoJobHikariSensor_sfun_registry.obj
 0001:000136a0       ReportIndexOutOfBoundsError 00000001800146a0 f   rail_ver01_NoJobHikariSensor_sfun_registry.obj
 0001:00013d80       $$000000                   0000000180014d80     MSVCRT:amdsecgs.obj
 0001:00013dd4       pre_c_init                 0000000180014dd4 f   MSVCRT:crtdll.obj
 0001:000140cc       __DllMainCRTStartup        00000001800150cc f   MSVCRT:crtdll.obj
 0001:000145e0       __DllMainCRTStartup$filt$0 00000001800155e0 f   MSVCRT:crtdll.obj
 0001:00014605       __DllMainCRTStartup$fin$1  0000000180015605 f   MSVCRT:crtdll.obj
 0001:00014620       _IsNonwritableInCurrentImage$filt$0 0000000180015620 f   MSVCRT:pesect.obj
 0001:00014640       _onexit$fin$0              0000000180015640 f   MSVCRT:atonexit.obj
 0002:00000478       pcinit                     0000000180016478     MSVCRT:crtdll.obj
 0002:00000480       pinit                      0000000180016480     MSVCRT:atonexit.obj
 0002:00000588       GS_ExceptionPointers       0000000180016588     MSVCRT:gs_report.obj
[...]
 0004:00000384       $pdata$c21_e_sf_marshallOut 000000018001e384     c21_rail_ver01_NoJobHikariSensor.obj
 0004:00000390       $pdata$c21_d_emlrt_marshallIn 000000018001e390     c21_rail_ver01_NoJobHikariSensor.obj
 0004:0000039c       $pdata$c21_c_sf_marshallIn 000000018001e39c     c21_rail_ver01_NoJobHikariSensor.obj
 0004:000003a8       $pdata$c21_f_emlrt_marshallIn 000000018001e3a8     c21_rail_ver01_NoJobHikariSensor.obj
 0004:000003b4       $pdata$c21_g_emlrt_marshallIn 000000018001e3b4     c21_rail_ver01_NoJobHikariSensor.obj
 0004:000003c0       $pdata$init_simulink_io_address 000000018001e3c0     c21_rail_ver01_NoJobHikariSensor.obj
 0004:000003cc       $pdata$sf_c21_rail_ver01_NoJobHikariSensor_get_post_codegen_info 000000018001e3cc     c21_rail_ver01_NoJobHikariSensor.obj
 0004:000003d8       $pdata$sf_c21_rail_ver01_NoJobHikariSensor_get_autoinheritance_info 000000018001e3d8     c21_rail_ver01_NoJobHikariSensor.obj
 0004:000003e4       $pdata$sf_c21_rail_ver01_NoJobHikariSensor_third_party_uses_info 000000018001e3e4     c21_rail_ver01_NoJobHikariSensor.obj
 0004:000003f0       $pdata$sf_c21_rail_ver01_NoJobHikariSensor_jit_fallback_info 000000018001e3f0     c21_rail_ver01_NoJobHikariSensor.obj
 0004:000003fc       $pdata$sf_c21_rail_ver01_NoJobHikariSensor_updateBuildInfo_args_info 000000018001e3fc     c21_rail_ver01_NoJobHikariSensor.obj
 0004:00000408       $pdata$sf_get_sim_state_info_c21_rail_ver01_NoJobHikariSensor 000000018001e408     c21_rail_ver01_NoJobHikariSensor.obj
 0004:00000414       $pdata$sf_opaque_initialize_c21_rail_ver01_NoJobHikariSensor 000000018001e414     c21_rail_ver01_NoJobHikariSensor.obj
 0004:00000420       $pdata$sf_opaque_enable_c21_rail_ver01_NoJobHikariSensor 000000018001e420     c21_rail_ver01_NoJobHikariSensor.obj
 0004:0000042c       $pdata$sf_opaque_disable_c21_rail_ver01_NoJobHikariSensor 000000018001e42c     c21_rail_ver01_NoJobHikariSensor.obj
 0004:00000438       $pdata$sf_opaque_gateway_c21_rail_ver01_NoJobHikariSensor 000000018001e438     c21_rail_ver01_NoJobHikariSensor.obj
 0004:00000444       $pdata$sf_opaque_get_sim_state_c21_rail_ver01_NoJobHikariSensor 000000018001e444     c21_rail_ver01_NoJobHikariSensor.obj
 0004:00000450       $pdata$sf_opaque_set_sim_state_c21_rail_ver01_NoJobHikariSensor 000000018001e450     c21_rail_ver01_NoJobHikariSensor.obj
 0004:0000045c       $pdata$sf_opaque_terminate_c21_rail_ver01_NoJobHikariSensor 000000018001e45c     c21_rail_ver01_NoJobHikariSensor.obj
 0004:00000468       $pdata$mdlProcessParameters_c21_rail_ver01_NoJobHikariSensor 000000018001e468     c21_rail_ver01_NoJobHikariSensor.obj
 0004:00000474       $pdata$mdlSetWorkWidths_c21_rail_ver01_NoJobHikariSensor 000000018001e474     c21_rail_ver01_NoJobHikariSensor.obj
 0004:00000480       $pdata$mdlRTW_c21_rail_ver01_NoJobHikariSensor 000000018001e480     c21_rail_ver01_NoJobHikariSensor.obj
 0004:0000048c       $pdata$mdlStart_c21_rail_ver01_NoJobHikariSensor 000000018001e48c     c21_rail_ver01_NoJobHikariSensor.obj
 0004:00000498       $pdata$mexFunction         000000018001e498     rail_ver01_NoJobHikariSensor_sfun_registry.obj
 0004:000004a4       $pdata$_ssSetInputPortDirectFeedThroughFcn 000000018001e4a4     rail_ver01_NoJobHikariSensor_sfun_registry.obj
 0004:000004b0       $pdata$_ssGetInputPortSignalPtrsFcn 000000018001e4b0     rail_ver01_NoJobHikariSensor_sfun_registry.obj
 0004:000004bc       $pdata$_ssGetInputPortSignalFcn 000000018001e4bc     rail_ver01_NoJobHikariSensor_sfun_registry.obj
 0004:000004c8       $pdata$_ssSetInputPortReusableFcn 000000018001e4c8     rail_ver01_NoJobHikariSensor_sfun_registry.obj
 0004:000004d4       $pdata$_ssSetOutputPortReusableFcn 000000018001e4d4     rail_ver01_NoJobHikariSensor_sfun_registry.obj
 0004:000004e0       $pdata$_ssSetSymbolicDimsSupport 000000018001e4e0     rail_ver01_NoJobHikariSensor_sfun_registry.obj
 0004:000004ec       $pdata$_ssRegisterSymbolicDimsExpr 000000018001e4ec     rail_ver01_NoJobHikariSensor_sfun_registry.obj
 0004:000004f8       $pdata$_ssRegisterSymbolicDims 000000018001e4f8     rail_ver01_NoJobHikariSensor_sfun_registry.obj
 0004:00000504       $pdata$_ssRegisterSymbolicDimsString 000000018001e504     rail_ver01_NoJobHikariSensor_sfun_registry.obj
 0004:00000510       $pdata$_ssRegisterSymbolicDimsIntValue 000000018001e510     rail_ver01_NoJobHikariSensor_sfun_registry.obj
 0004:0000051c       $pdata$_ssRegisterSymbolicDimsPlus 000000018001e51c     rail_ver01_NoJobHikariSensor_sfun_registry.obj
 0004:00000528       $pdata$_ssRegisterSymbolicDimsMinus 000000018001e528     rail_ver01_NoJobHikariSensor_sfun_registry.obj
 0004:00000534       $pdata$_ssRegisterSymbolicDimsMultiply 000000018001e534     rail_ver01_NoJobHikariSensor_sfun_registry.obj
 0004:00000540       $pdata$_ssRegisterSymbolicDimsDivide 000000018001e540     rail_ver01_NoJobHikariSensor_sfun_registry.obj
 0004:0000054c       $pdata$_ssGetNumSymbolicDims 000000018001e54c     rail_ver01_NoJobHikariSensor_sfun_registry.obj
 0004:00000558       $pdata$_ssGetSymbolicDim   000000018001e558     rail_ver01_NoJobHikariSensor_sfun_registry.obj
 0004:00000564       $pdata$_ssSetInputPortSymbolicDimsId 000000018001e564     rail_ver01_NoJobHikariSensor_sfun_registry.obj
 0004:00000570       $pdata$_ssGetCompInputPortSymbolicDimsId 000000018001e570     rail_ver01_NoJobHikariSensor_sfun_registry.obj
 0004:0000057c       $pdata$_ssSetCompInputPortSymbolicDimsId 000000018001e57c     rail_ver01_NoJobHikariSensor_sfun_registry.obj
 0004:00000588       $pdata$_ssSetOutputPortSymbolicDimsId 000000018001e588     rail_ver01_NoJobHikariSensor_sfun_registry.obj
 0004:00000594       $pdata$_ssGetCompOutputPortSymbolicDimsId 000000018001e594     rail_ver01_NoJobHikariSensor_sfun_registry.obj
 0004:000005a0       $pdata$_ssSetCompOutputPortSymbolicDimsId 000000018001e5a0     rail_ver01_NoJobHikariSensor_sfun_registry.obj
 0004:000005ac       $pdata$_ssSetCompDWorkSymbolicDimsId 000000018001e5ac     rail_ver01_NoJobHikariSensor_sfun_registry.obj
 0004:000005b8       $pdata$ssGetIsZeroCrossControlDisabled 000000018001e5b8     rail_ver01_NoJobHikariSensor_sfun_registry.obj
 0004:000005c4       $pdata$ssSetIsInputPortUsedForContZcSignal 000000018001e5c4     rail_ver01_NoJobHikariSensor_sfun_registry.obj
 0004:000005d0       $pdata$ssSetZcSignalIsZcElementDisc 000000018001e5d0     rail_ver01_NoJobHikariSensor_sfun_registry.obj
 0004:000005dc       $pdata$ssSetZcSignalName   000000018001e5dc     rail_ver01_NoJobHikariSensor_sfun_registry.obj
 0004:000005e8       $pdata$ssSetZcSignalWidth  000000018001e5e8     rail_ver01_NoJobHikariSensor_sfun_registry.obj
 0004:000005f4       $pdata$ssSetZcSignalZcEventType 000000018001e5f4     rail_ver01_NoJobHikariSensor_sfun_registry.obj
 0004:00000600       $pdata$ssSetZcSignalType   000000018001e600     rail_ver01_NoJobHikariSensor_sfun_registry.obj
 0004:0000060c       $pdata$ssSetZcSignalZcTol  000000018001e60c     rail_ver01_NoJobHikariSensor_sfun_registry.obj
 0004:00000618       $pdata$ssSetZcSignalNeedsEventNotification 000000018001e618     rail_ver01_NoJobHikariSensor_sfun_registry.obj
 0004:00000624       $pdata$ssCreateAndAddZcSignalInfo 000000018001e624     rail_ver01_NoJobHikariSensor_sfun_registry.obj
 0004:00000630       $pdata$ssCloneAndAddZcSignalInfo 000000018001e630     rail_ver01_NoJobHikariSensor_sfun_registry.obj
 0004:0000063c       $pdata$ssGetNumZcSignals   000000018001e63c     rail_ver01_NoJobHikariSensor_sfun_registry.obj
 0004:00000648       $pdata$ssGetZcSignalVector 000000018001e648     rail_ver01_NoJobHikariSensor_sfun_registry.obj
 0004:00000654       $pdata$ssGetZcSignalName   000000018001e654     rail_ver01_NoJobHikariSensor_sfun_registry.obj
 0004:00000660       $pdata$ssGetZcSignalWidth  000000018001e660     rail_ver01_NoJobHikariSensor_sfun_registry.obj
 0004:0000066c       $pdata$ssGetZcSignalZcEventType 000000018001e66c     rail_ver01_NoJobHikariSensor_sfun_registry.obj
 0004:00000678       $pdata$ssGetZcSignalZcEvents 000000018001e678     rail_ver01_NoJobHikariSensor_sfun_registry.obj
 0004:00000684       $pdata$ssGetZcSignalType   000000018001e684     rail_ver01_NoJobHikariSensor_sfun_registry.obj
 0004:00000690       $pdata$ssGetZcSignalZcTol  000000018001e690     rail_ver01_NoJobHikariSensor_sfun_registry.obj
 0004:0000069c       $pdata$ssGetZcSignalNeedsEventNotification 000000018001e69c     rail_ver01_NoJobHikariSensor_sfun_registry.obj
 0004:000006a8       $pdata$ssGetZcSignalIsZcElementDisc 000000018001e6a8     rail_ver01_NoJobHikariSensor_sfun_registry.obj
 0004:000006b4       $pdata$ssGetIsInputPortElementContinuous 000000018001e6b4     rail_ver01_NoJobHikariSensor_sfun_registry.obj
 0004:000006c0       $pdata$_ssSetIWorkValueFcn 000000018001e6c0     rail_ver01_NoJobHikariSensor_sfun_registry.obj
 0004:000006cc       $pdata$_ssGetIWorkValueFcn 000000018001e6cc     rail_ver01_NoJobHikariSensor_sfun_registry.obj
 0004:000006d8       $pdata$_ssSetRWorkValueFcn 000000018001e6d8     rail_ver01_NoJobHikariSensor_sfun_registry.obj
 0004:000006e4       $pdata$_ssGetRWorkValueFcn 000000018001e6e4     rail_ver01_NoJobHikariSensor_sfun_registry.obj
 0004:000006f0       $pdata$_ssSetPWorkValueFcn 000000018001e6f0     rail_ver01_NoJobHikariSensor_sfun_registry.obj
 0004:000006fc       $pdata$_ssGetPWorkValueFcn 000000018001e6fc     rail_ver01_NoJobHikariSensor_sfun_registry.obj
 0004:00000708       $pdata$ssGetDTypeIdFromMxArray 000000018001e708     rail_ver01_NoJobHikariSensor_sfun_registry.obj
 0004:00000714       $pdata$ssWriteRTWStr       000000018001e714     rail_ver01_NoJobHikariSensor_sfun_registry.obj
 0004:00000720       $pdata$ssWriteRTWNameValuePair 000000018001e720     rail_ver01_NoJobHikariSensor_sfun_registry.obj
 0004:0000072c       $pdata$ssWriteRTWParamSettings 000000018001e72c     rail_ver01_NoJobHikariSensor_sfun_registry.obj
 0004:00000738       $pdata$ssWriteRTWParameters 000000018001e738     rail_ver01_NoJobHikariSensor_sfun_registry.obj
 0004:00000744       $pdata$ssWriteRTWWorkVect  000000018001e744     rail_ver01_NoJobHikariSensor_sfun_registry.obj
 0004:00000750       $pdata$ssWriteRTWMxVectParam 000000018001e750     rail_ver01_NoJobHikariSensor_sfun_registry.obj
 0004:0000075c       $pdata$ssWriteRTWMx2dMatParam 000000018001e75c     rail_ver01_NoJobHikariSensor_sfun_registry.obj
 0004:00000768       $pdata$_ssSetInputPortMatrixDimensions 000000018001e768     rail_ver01_NoJobHikariSensor_sfun_registry.obj
 0004:00000774       $pdata$_ssSetOutputPortMatrixDimensions 000000018001e774     rail_ver01_NoJobHikariSensor_sfun_registry.obj
 0004:00000780       $pdata$_ssSetInputPortVectorDimension 000000018001e780     rail_ver01_NoJobHikariSensor_sfun_registry.obj
 0004:0000078c       $pdata$_ssSetOutputPortVectorDimension 000000018001e78c     rail_ver01_NoJobHikariSensor_sfun_registry.obj
 0004:00000798       $pdata$ssIsRunTimeParamTunable 000000018001e798     rail_ver01_NoJobHikariSensor_sfun_registry.obj
 0004:000007a4       $pdata$ssGetSFuncBlockHandle 000000018001e7a4     rail_ver01_NoJobHikariSensor_sfun_registry.obj
 0004:000007b0       $pdata$_ssGetCurrentInputPortWidth 000000018001e7b0     rail_ver01_NoJobHikariSensor_sfun_registry.obj
 0004:000007bc       $pdata$_ssGetCurrentOutputPortWidth 000000018001e7bc     rail_ver01_NoJobHikariSensor_sfun_registry.obj
 0004:000007c8       $pdata$_ssGetCallSystemNumFcnCallDestinations 000000018001e7c8     rail_ver01_NoJobHikariSensor_sfun_registry.obj
 0004:000007d4       $pdata$ssGetParameterTuningCompliance 000000018001e7d4     rail_ver01_NoJobHikariSensor_sfun_registry.obj
 0004:000007e0       $pdata$ssWarning           000000018001e7e0     rail_ver01_NoJobHikariSensor_sfun_registry.obj
 0004:000007ec       $pdata$_ssGetAbsTol        000000018001e7ec     rail_ver01_NoJobHikariSensor_sfun_registry.obj
 0004:000007f8       $pdata$sf_process_check_sum_call 000000018001e7f8     rail_ver01_NoJobHikariSensor_sfun_registry.obj
 0004:00000804       $pdata$sf_process_autoinheritance_call 000000018001e804     rail_ver01_NoJobHikariSensor_sfun_registry.obj
 0004:00000810       $pdata$sf_process_get_third_party_uses_info_call 000000018001e810     rail_ver01_NoJobHikariSensor_sfun_registry.obj
 0004:0000081c       $pdata$sf_process_get_jit_fallback_info_call 000000018001e81c     rail_ver01_NoJobHikariSensor_sfun_registry.obj
 0004:00000828       $pdata$sf_process_get_updateBuildInfo_args_info_call 000000018001e828     rail_ver01_NoJobHikariSensor_sfun_registry.obj
 0004:00000834       $pdata$sf_process_get_eml_resolved_functions_info_call 000000018001e834     rail_ver01_NoJobHikariSensor_sfun_registry.obj
 0004:00000840       $pdata$sf_mex_unlock_call  000000018001e840     rail_ver01_NoJobHikariSensor_sfun_registry.obj
 0004:0000084c       $pdata$sf_debug_api_wrapper 000000018001e84c     rail_ver01_NoJobHikariSensor_sfun_registry.obj
 0004:00000858       $pdata$ProcessMexSfunctionCmdLineCall 000000018001e858     rail_ver01_NoJobHikariSensor_sfun_registry.obj
 0004:00000864       $pdata$sf_machine_global_initializer_called 000000018001e864     rail_ver01_NoJobHikariSensor_sfun_registry.obj
 0004:00000870       $pdata$sf_machine_global_method_dispatcher 000000018001e870     rail_ver01_NoJobHikariSensor_sfun_registry.obj
 0004:0000087c       $pdata$sf_machine_global_terminator 000000018001e87c     rail_ver01_NoJobHikariSensor_sfun_registry.obj
 0004:00000888       $pdata$sf_register_machine_exported_symbols 000000018001e888     rail_ver01_NoJobHikariSensor_sfun_registry.obj
 0004:00000894       $pdata$sf_machine_global_initializer 000000018001e894     rail_ver01_NoJobHikariSensor_sfun_registry.obj
 0004:000008a0       $pdata$mdlGetSimState      000000018001e8a0     rail_ver01_NoJobHikariSensor_sfun_registry.obj
 0004:000008ac       $pdata$mdlSetSimState      000000018001e8ac     rail_ver01_NoJobHikariSensor_sfun_registry.obj
 0004:000008b8       $pdata$mdlSetWorkWidths    000000018001e8b8     rail_ver01_NoJobHikariSensor_sfun_registry.obj
 0004:000008c4       $pdata$mdlProcessParameters 000000018001e8c4     rail_ver01_NoJobHikariSensor_sfun_registry.obj
 0004:000008d0       $pdata$mdl_start_processing 000000018001e8d0     rail_ver01_NoJobHikariSensor_sfun_registry.obj
 0004:000008dc       $pdata$mdl_terminate_processing 000000018001e8dc     rail_ver01_NoJobHikariSensor_sfun_registry.obj
 0004:000008e8       $pdata$mdlStart            000000018001e8e8     rail_ver01_NoJobHikariSensor_sfun_registry.obj
 0004:000008f4       $pdata$mdlTerminate        000000018001e8f4     rail_ver01_NoJobHikariSensor_sfun_registry.obj
 0004:00000900       $pdata$mdlInitializeSizes  000000018001e900     rail_ver01_NoJobHikariSensor_sfun_registry.obj
 0004:0000090c       $pdata$mdlInitializeSampleTimes 000000018001e90c     rail_ver01_NoJobHikariSensor_sfun_registry.obj
 0004:00000918       $pdata$mdl_outputs_continuous_legacy 000000018001e918     rail_ver01_NoJobHikariSensor_sfun_registry.obj
 0004:00000924       $pdata$mdl_outputs_processing 000000018001e924     rail_ver01_NoJobHikariSensor_sfun_registry.obj
 0004:00000930       $pdata$mdl_zeroCrossings_processing 000000018001e930     rail_ver01_NoJobHikariSensor_sfun_registry.obj
 0004:0000093c       $pdata$mdlZeroCrossings    000000018001e93c     rail_ver01_NoJobHikariSensor_sfun_registry.obj
 0004:00000948       $pdata$mdl_derivatives_processing 000000018001e948     rail_ver01_NoJobHikariSensor_sfun_registry.obj
 0004:00000954       $pdata$mdlDerivatives      000000018001e954     rail_ver01_NoJobHikariSensor_sfun_registry.obj
 0004:00000960       $pdata$mdl_initialize_conditions_processing 000000018001e960     rail_ver01_NoJobHikariSensor_sfun_registry.obj
 0004:0000096c       $pdata$mdlInitializeConditions 000000018001e96c     rail_ver01_NoJobHikariSensor_sfun_registry.obj
 0004:00000978       $pdata$mdl_ext_mode_exec_processing 000000018001e978     rail_ver01_NoJobHikariSensor_sfun_registry.obj
 0004:00000984       $pdata$mdlExtModeExec      000000018001e984     rail_ver01_NoJobHikariSensor_sfun_registry.obj
 0004:00000990       $pdata$mdlRTW              000000018001e990     rail_ver01_NoJobHikariSensor_sfun_registry.obj
 0004:0000099c       $pdata$mdl_enable_processing 000000018001e99c     rail_ver01_NoJobHikariSensor_sfun_registry.obj
 0004:000009a8       $pdata$mdlEnable           000000018001e9a8     rail_ver01_NoJobHikariSensor_sfun_registry.obj
 0004:000009b4       $pdata$mdl_disable_processing 000000018001e9b4     rail_ver01_NoJobHikariSensor_sfun_registry.obj
 0004:000009c0       $pdata$mdlDisable          000000018001e9c0     rail_ver01_NoJobHikariSensor_sfun_registry.obj
 0004:000009cc       $pdata$mdlOutputs          000000018001e9cc     rail_ver01_NoJobHikariSensor_sfun_registry.obj
 0004:000009d8       $pdata$mdl_update_processing 000000018001e9d8     rail_ver01_NoJobHikariSensor_sfun_registry.obj
 0004:000009e4       $pdata$mdlUpdate           000000018001e9e4     rail_ver01_NoJobHikariSensor_sfun_registry.obj
 0004:000009f0       $pdata$ProcessMexSfunctionEveryCall 000000018001e9f0     rail_ver01_NoJobHikariSensor_sfun_registry.obj
 0004:000009fc       $pdata$_RegNumInputPortsCB 000000018001e9fc     rail_ver01_NoJobHikariSensor_sfun_registry.obj
 0004:00000a08       $pdata$_RegNumOutputPortsCB 000000018001ea08     rail_ver01_NoJobHikariSensor_sfun_registry.obj
 0004:00000a14       $pdata$_CreateSimStruct    000000018001ea14     rail_ver01_NoJobHikariSensor_sfun_registry.obj
 0004:00000a20       $pdata$_ProcessMexSfunctionCmdLineCall 000000018001ea20     rail_ver01_NoJobHikariSensor_sfun_registry.obj
 0004:00000a2c       $pdata$ReportIndexOutOfBoundsError 000000018001ea2c     rail_ver01_NoJobHikariSensor_sfun_registry.obj
 0004:00000a38       $pdata$__raise_securityfailure 000000018001ea38     MSVCRT:gs_report.obj
 0004:00000a44       $pdata$__report_gsfailure  000000018001ea44     MSVCRT:gs_report.obj
 0004:00000a50       $pdata$__report_rangecheckfailure 000000018001ea50     MSVCRT:gs_report.obj
 0004:00000a5c       $pdata$__report_securityfailure 000000018001ea5c     MSVCRT:gs_report.obj
 0004:00000a68       $pdata$__report_securityfailureEx 000000018001ea68     MSVCRT:gs_report.obj
 0004:00000a74       $pdata$__GSHandlerCheck    000000018001ea74     MSVCRT:gshandler.obj
 0004:00000a80       $pdata$__GSHandlerCheckCommon 000000018001ea80     MSVCRT:gshandler.obj
 0004:00000a98       $pdata$pre_c_init          000000018001ea98     MSVCRT:crtdll.obj
 0004:00000aa4       $pdata$_CRT_INIT           000000018001eaa4     MSVCRT:crtdll.obj
 0004:00000ab0       $pdata$_DllMainCRTStartup  000000018001eab0     MSVCRT:crtdll.obj
 0004:00000abc       $pdata$__DllMainCRTStartup 000000018001eabc     MSVCRT:crtdll.obj
 0004:00000ac8       $pdata$_IsNonwritableInCurrentImage 000000018001eac8     MSVCRT:pesect.obj
 0004:00000ad4       $pdata$__atonexitinit      000000018001ead4     MSVCRT:atonexit.obj
 0004:00000ae0       $pdata$_onexit             000000018001eae0     MSVCRT:atonexit.obj
 0004:00000aec       $pdata$atexit              000000018001eaec     MSVCRT:atonexit.obj
 0004:00000af8       $pdata$__security_init_cookie 000000018001eaf8     MSVCRT:gs_support.obj
 0004:00000b04       $pdata$DllMain             000000018001eb04     MSVCRT:dllmain.obj
 0004:00000b10       $pdata$_RTC_Initialize     000000018001eb10     MSVCRT:initsect.obj
 0004:00000b1c       $pdata$_RTC_Terminate      000000018001eb1c     MSVCRT:initsect.obj
 0004:00000b28       $pdata$__DllMainCRTStartup$filt$0 000000018001eb28     MSVCRT:crtdll.obj
 0004:00000b34       $pdata$__DllMainCRTStartup$fin$1 000000018001eb34     MSVCRT:crtdll.obj
 0004:00000b40       $pdata$_IsNonwritableInCurrentImage$filt$0 000000018001eb40     MSVCRT:pesect.obj
 0004:00000b4c       $pdata$_onexit$fin$0       000000018001eb4c     MSVCRT:atonexit.obj
